{
  "config": {
    "model_size": "small",
    "context_length": 512,
    "batch_size": 1,
    "mode": "forward",
    "warmup_steps": 5,
    "measure_steps": 10,
    "precision": "fp32",
    "device": "cuda:0",
    "seed": 0,
    "vram_limit_gb": 40.0,
    "profile_memory": false,
    "annotate_attention": false,
    "campaign": "assignment_warmup_w5_full",
    "output_root": "data/section1_1"
  },
  "model_spec": {
    "name": "small",
    "d_model": 768,
    "d_ff": 3072,
    "num_layers": 12,
    "num_heads": 12
  },
  "timings_seconds": [
    0.016646806034259498,
    0.015815277001820505,
    0.01788154209498316,
    0.01939265592955053,
    0.02134978596586734,
    0.02281906991265714,
    0.02094346401281655,
    0.015668931999243796,
    0.016361571033485234,
    0.017926416010595858
  ],
  "mean_seconds": 0.01848055199952796,
  "stdev_seconds": 0.0025271985455894946,
  "peak_reserved_bytes": 662700032,
  "peak_reserved_gb": 0.6171875,
  "peak_device_used_bytes": 662700032,
  "peak_device_used_gb": 0.6171875,
  "snapshot_path": null,
  "parameter_count": 128625408,
  "loss": null
}
