{
  "config": {
    "model_size": "small",
    "context_length": 512,
    "batch_size": 1,
    "mode": "forward_backward",
    "warmup_steps": 5,
    "measure_steps": 10,
    "precision": "fp32",
    "device": "cuda:0",
    "seed": 0,
    "vram_limit_gb": 40.0,
    "profile_memory": false,
    "annotate_attention": false,
    "campaign": "assignment_warmup_w5_full",
    "output_root": "data/section1_1"
  },
  "model_spec": {
    "name": "small",
    "d_model": 768,
    "d_ff": 3072,
    "num_layers": 12,
    "num_heads": 12
  },
  "timings_seconds": [
    0.06237253197468817,
    0.06182299100328237,
    0.04549873003270477,
    0.05624395899940282,
    0.063844371936284,
    0.06412613997235894,
    0.06080129602923989,
    0.042399268015287817,
    0.057306371978484094,
    0.06221727095544338
  ],
  "mean_seconds": 0.05766329308971763,
  "stdev_seconds": 0.007696672280741267,
  "peak_reserved_bytes": 1598029824,
  "peak_reserved_gb": 1.48828125,
  "peak_device_used_bytes": 1598029824,
  "peak_device_used_gb": 1.48828125,
  "snapshot_path": null,
  "parameter_count": 128625408,
  "loss": 9.29111099243164
}
