{
  "config": {
    "model_size": "small",
    "context_length": 256,
    "batch_size": 1,
    "mode": "forward_backward",
    "warmup_steps": 0,
    "measure_steps": 10,
    "precision": "fp32",
    "device": "cuda:0",
    "seed": 0,
    "vram_limit_gb": 40.0,
    "profile_memory": false,
    "annotate_attention": false,
    "campaign": "assignment_warmup_comparison_full",
    "output_root": "data/section1_1"
  },
  "model_spec": {
    "name": "small",
    "d_model": 768,
    "d_ff": 3072,
    "num_layers": 12,
    "num_heads": 12
  },
  "timings_seconds": [
    0.5434163730824366,
    0.04227777000050992,
    0.04465062892995775,
    0.03498250897973776,
    0.04304766294080764,
    0.043862891965545714,
    0.041689616977237165,
    0.0412354760337621,
    0.03871547000017017,
    0.04023517994210124
  ],
  "mean_seconds": 0.09141135788522661,
  "stdev_seconds": 0.15884270906585823,
  "peak_reserved_bytes": 1348468736,
  "peak_reserved_gb": 1.255859375,
  "peak_device_used_bytes": 1348468736,
  "peak_device_used_gb": 1.255859375,
  "snapshot_path": null,
  "parameter_count": 128625408,
  "loss": 9.292584419250488
}
