{
  "config": {
    "model_size": "small",
    "context_length": 256,
    "batch_size": 1,
    "mode": "forward_backward",
    "warmup_steps": 2,
    "measure_steps": 10,
    "precision": "fp32",
    "device": "cuda:0",
    "seed": 0,
    "vram_limit_gb": 40.0,
    "profile_memory": false,
    "annotate_attention": false,
    "campaign": "assignment_warmup_comparison_full",
    "output_root": "data/section1_1"
  },
  "model_spec": {
    "name": "small",
    "d_model": 768,
    "d_ff": 3072,
    "num_layers": 12,
    "num_heads": 12
  },
  "timings_seconds": [
    0.04442775098141283,
    0.04811597801744938,
    0.03833617898635566,
    0.04449456697329879,
    0.03770493506453931,
    0.03856271295808256,
    0.04016025993041694,
    0.037913375068455935,
    0.03645509108901024,
    0.041458263993263245
  ],
  "mean_seconds": 0.040762911306228486,
  "stdev_seconds": 0.0037863628248795715,
  "peak_reserved_bytes": 1348468736,
  "peak_reserved_gb": 1.255859375,
  "peak_device_used_bytes": 1348468736,
  "peak_device_used_gb": 1.255859375,
  "snapshot_path": null,
  "parameter_count": 128625408,
  "loss": 9.292584419250488
}
