{
  "config": {
    "model_size": "small",
    "context_length": 1024,
    "batch_size": 1,
    "mode": "forward",
    "warmup_steps": 2,
    "measure_steps": 10,
    "precision": "fp32",
    "device": "cuda:0",
    "seed": 0,
    "vram_limit_gb": 40.0,
    "profile_memory": false,
    "annotate_attention": false,
    "campaign": "assignment_warmup_comparison_full",
    "output_root": "data/section1_1"
  },
  "model_spec": {
    "name": "small",
    "d_model": 768,
    "d_ff": 3072,
    "num_layers": 12,
    "num_heads": 12
  },
  "timings_seconds": [
    0.034073554910719395,
    0.020907455938868225,
    0.03411551401950419,
    0.0227489989483729,
    0.029195087030529976,
    0.03437205508816987,
    0.02183081698603928,
    0.033618472050875425,
    0.023059741011820734,
    0.03033853101078421
  ],
  "mean_seconds": 0.02842602269956842,
  "stdev_seconds": 0.005694852191391729,
  "peak_reserved_bytes": 811597824,
  "peak_reserved_gb": 0.755859375,
  "peak_device_used_bytes": 811597824,
  "peak_device_used_gb": 0.755859375,
  "snapshot_path": null,
  "parameter_count": 128625408,
  "loss": null
}
