{
  "config": {
    "model_size": "small",
    "context_length": 256,
    "batch_size": 1,
    "mode": "forward",
    "warmup_steps": 5,
    "measure_steps": 10,
    "precision": "fp32",
    "device": "cuda:0",
    "seed": 0,
    "vram_limit_gb": 40.0,
    "profile_memory": false,
    "annotate_attention": false,
    "campaign": "assignment_warmup_comparison_full",
    "output_root": "data/section1_1"
  },
  "model_spec": {
    "name": "small",
    "d_model": 768,
    "d_ff": 3072,
    "num_layers": 12,
    "num_heads": 12
  },
  "timings_seconds": [
    0.012421573046594858,
    0.014751522103324533,
    0.012449925998225808,
    0.014457551995292306,
    0.013167481985874474,
    0.013817670987918973,
    0.015008163987658918,
    0.014730011927895248,
    0.014677213039249182,
    0.013046926003880799
  ],
  "mean_seconds": 0.01385280410759151,
  "stdev_seconds": 0.0010052221284070852,
  "peak_reserved_bytes": 616562688,
  "peak_reserved_gb": 0.57421875,
  "peak_device_used_bytes": 616562688,
  "peak_device_used_gb": 0.57421875,
  "snapshot_path": null,
  "parameter_count": 128625408,
  "loss": null
}
