{
  "config": {
    "model_size": "small",
    "context_length": 512,
    "batch_size": 1,
    "mode": "forward",
    "warmup_steps": 2,
    "measure_steps": 10,
    "precision": "fp32",
    "device": "cuda:0",
    "seed": 0,
    "vram_limit_gb": 40.0,
    "profile_memory": false,
    "annotate_attention": false,
    "campaign": "assignment_warmup_comparison_full",
    "output_root": "data/section1_1"
  },
  "model_spec": {
    "name": "small",
    "d_model": 768,
    "d_ff": 3072,
    "num_layers": 12,
    "num_heads": 12
  },
  "timings_seconds": [
    0.01748545898590237,
    0.018409352051094174,
    0.01860790397040546,
    0.017381443991325796,
    0.017484838026575744,
    0.016101463930681348,
    0.013793364982120693,
    0.01764829410240054,
    0.01876351493410766,
    0.013741669012233615
  ],
  "mean_seconds": 0.01694173039868474,
  "stdev_seconds": 0.0018375944109606255,
  "peak_reserved_bytes": 662700032,
  "peak_reserved_gb": 0.6171875,
  "peak_device_used_bytes": 662700032,
  "peak_device_used_gb": 0.6171875,
  "snapshot_path": null,
  "parameter_count": 128625408,
  "loss": null
}
