{
  "config": {
    "model_size": "small",
    "context_length": 1024,
    "batch_size": 1,
    "mode": "forward",
    "warmup_steps": 5,
    "measure_steps": 10,
    "precision": "fp32",
    "device": "cuda:0",
    "seed": 0,
    "vram_limit_gb": 40.0,
    "profile_memory": false,
    "annotate_attention": false,
    "campaign": "assignment_warmup_comparison_full",
    "output_root": "data/section1_1"
  },
  "model_spec": {
    "name": "small",
    "d_model": 768,
    "d_ff": 3072,
    "num_layers": 12,
    "num_heads": 12
  },
  "timings_seconds": [
    0.03353621799033135,
    0.023064390989020467,
    0.029225222999230027,
    0.03431214299052954,
    0.021574647049419582,
    0.034461392904631793,
    0.026699376991018653,
    0.03401201998349279,
    0.034683678997680545,
    0.022040450014173985
  ],
  "mean_seconds": 0.029360954090952872,
  "stdev_seconds": 0.0055666753530691955,
  "peak_reserved_bytes": 811597824,
  "peak_reserved_gb": 0.755859375,
  "peak_device_used_bytes": 811597824,
  "peak_device_used_gb": 0.755859375,
  "snapshot_path": null,
  "parameter_count": 128625408,
  "loss": null
}
