{
  "config": {
    "model_size": "small",
    "context_length": 1024,
    "batch_size": 1,
    "mode": "forward_backward",
    "warmup_steps": 5,
    "measure_steps": 10,
    "precision": "fp32",
    "device": "cuda:0",
    "seed": 0,
    "vram_limit_gb": 40.0,
    "profile_memory": false,
    "annotate_attention": false,
    "campaign": "assignment_warmup_comparison_full",
    "output_root": "data/section1_1"
  },
  "model_spec": {
    "name": "small",
    "d_model": 768,
    "d_ff": 3072,
    "num_layers": 12,
    "num_heads": 12
  },
  "timings_seconds": [
    0.08085641299840063,
    0.08498422405682504,
    0.08012744598090649,
    0.07987325906287879,
    0.09388463397044688,
    0.08066483400762081,
    0.08309580199420452,
    0.08510956808459014,
    0.08792463806457818,
    0.08966435003094375
  ],
  "mean_seconds": 0.08461851682513952,
  "stdev_seconds": 0.004683511888639045,
  "peak_reserved_bytes": 3323985920,
  "peak_reserved_gb": 3.095703125,
  "peak_device_used_bytes": 3323985920,
  "peak_device_used_gb": 3.095703125,
  "snapshot_path": null,
  "parameter_count": 128625408,
  "loss": 9.295097351074219
}
