{
  "config": {
    "model_size": "small",
    "context_length": 1024,
    "batch_size": 1,
    "mode": "forward_backward",
    "warmup_steps": 2,
    "measure_steps": 10,
    "precision": "fp32",
    "device": "cuda:0",
    "seed": 0,
    "vram_limit_gb": 40.0,
    "profile_memory": false,
    "annotate_attention": false,
    "campaign": "assignment_warmup_comparison_full",
    "output_root": "data/section1_1"
  },
  "model_spec": {
    "name": "small",
    "d_model": 768,
    "d_ff": 3072,
    "num_layers": 12,
    "num_heads": 12
  },
  "timings_seconds": [
    0.08001714001875371,
    0.08310171402990818,
    0.08530003600753844,
    0.08626005600672215,
    0.08772505400702357,
    0.07955094496719539,
    0.08016482705716044,
    0.07977183000184596,
    0.0824163380311802,
    0.08199410594534129
  ],
  "mean_seconds": 0.08263020460726693,
  "stdev_seconds": 0.0029343242866707716,
  "peak_reserved_bytes": 3323985920,
  "peak_reserved_gb": 3.095703125,
  "peak_device_used_bytes": 3323985920,
  "peak_device_used_gb": 3.095703125,
  "snapshot_path": null,
  "parameter_count": 128625408,
  "loss": 9.295097351074219
}
