{
  "config": {
    "model_size": "small",
    "context_length": 128,
    "batch_size": 1,
    "mode": "forward",
    "warmup_steps": 0,
    "measure_steps": 10,
    "precision": "fp32",
    "device": "cuda:0",
    "seed": 0,
    "vram_limit_gb": 40.0,
    "profile_memory": false,
    "annotate_attention": false,
    "campaign": "assignment_warmup_comparison_full",
    "output_root": "data/section1_1"
  },
  "model_spec": {
    "name": "small",
    "d_model": 768,
    "d_ff": 3072,
    "num_layers": 12,
    "num_heads": 12
  },
  "timings_seconds": [
    0.38927994400728494,
    0.012323739007115364,
    0.014153570984490216,
    0.014600889990106225,
    0.014550375053659081,
    0.013810117030516267,
    0.0132156329927966,
    0.01314092194661498,
    0.015249165007844567,
    0.014078540029004216
  ],
  "mean_seconds": 0.05144028960494325,
  "stdev_seconds": 0.11870773484933164,
  "peak_reserved_bytes": 593494016,
  "peak_reserved_gb": 0.552734375,
  "peak_device_used_bytes": 593494016,
  "peak_device_used_gb": 0.552734375,
  "snapshot_path": null,
  "parameter_count": 128625408,
  "loss": null
}
