{
  "config": {
    "model_size": "small",
    "context_length": 512,
    "batch_size": 1,
    "mode": "forward_backward",
    "warmup_steps": 1,
    "measure_steps": 10,
    "precision": "fp32",
    "device": "cuda:0",
    "seed": 0,
    "vram_limit_gb": 40.0,
    "profile_memory": false,
    "annotate_attention": false,
    "campaign": "assignment_warmup_comparison_full",
    "output_root": "data/section1_1"
  },
  "model_spec": {
    "name": "small",
    "d_model": 768,
    "d_ff": 3072,
    "num_layers": 12,
    "num_heads": 12
  },
  "timings_seconds": [
    0.06399101705756038,
    0.05493759992532432,
    0.05880388000514358,
    0.0496896889526397,
    0.05410971702076495,
    0.05983337003272027,
    0.0558555310126394,
    0.039995078928768635,
    0.06642361800186336,
    0.03721175994724035
  ],
  "mean_seconds": 0.054085126088466495,
  "stdev_seconds": 0.00949909607993628,
  "peak_reserved_bytes": 1598029824,
  "peak_reserved_gb": 1.48828125,
  "peak_device_used_bytes": 1598029824,
  "peak_device_used_gb": 1.48828125,
  "snapshot_path": null,
  "parameter_count": 128625408,
  "loss": 9.29111099243164
}
