{
  "config": {
    "model_size": "small",
    "context_length": 128,
    "batch_size": 1,
    "mode": "forward_backward",
    "warmup_steps": 2,
    "measure_steps": 10,
    "precision": "fp32",
    "device": "cuda:0",
    "seed": 0,
    "vram_limit_gb": 40.0,
    "profile_memory": false,
    "annotate_attention": false,
    "campaign": "assignment_warmup_comparison_full",
    "output_root": "data/section1_1"
  },
  "model_spec": {
    "name": "small",
    "d_model": 768,
    "d_ff": 3072,
    "num_layers": 12,
    "num_heads": 12
  },
  "timings_seconds": [
    0.03845479094889015,
    0.03967201290652156,
    0.03119883395265788,
    0.03694492904469371,
    0.039946618024259806,
    0.034035803982988,
    0.03837319801095873,
    0.038001389941200614,
    0.03531004395335913,
    0.03406215400900692
  ],
  "mean_seconds": 0.03659997747745365,
  "stdev_seconds": 0.002851058491883593,
  "peak_reserved_bytes": 1239416832,
  "peak_reserved_gb": 1.154296875,
  "peak_device_used_bytes": 1239416832,
  "peak_device_used_gb": 1.154296875,
  "snapshot_path": null,
  "parameter_count": 128625408,
  "loss": 9.329376220703125
}
