{
  "config": {
    "model_size": "small",
    "context_length": 256,
    "batch_size": 1,
    "mode": "forward",
    "warmup_steps": 1,
    "measure_steps": 10,
    "precision": "fp32",
    "device": "cuda:0",
    "seed": 0,
    "vram_limit_gb": 40.0,
    "profile_memory": false,
    "annotate_attention": false,
    "campaign": "assignment_warmup_comparison_full",
    "output_root": "data/section1_1"
  },
  "model_spec": {
    "name": "small",
    "d_model": 768,
    "d_ff": 3072,
    "num_layers": 12,
    "num_heads": 12
  },
  "timings_seconds": [
    0.01471644698176533,
    0.014785435982048512,
    0.014635946019552648,
    0.016225507017225027,
    0.01658525096718222,
    0.016960985958576202,
    0.017066953936591744,
    0.017086039995774627,
    0.014332446036860347,
    0.01599187799729407
  ],
  "mean_seconds": 0.015838689089287074,
  "stdev_seconds": 0.0011124870611419005,
  "peak_reserved_bytes": 616562688,
  "peak_reserved_gb": 0.57421875,
  "peak_device_used_bytes": 616562688,
  "peak_device_used_gb": 0.57421875,
  "snapshot_path": null,
  "parameter_count": 128625408,
  "loss": null
}
