{
  "config": {
    "model_size": "small",
    "context_length": 128,
    "batch_size": 1,
    "mode": "forward",
    "warmup_steps": 2,
    "measure_steps": 10,
    "precision": "fp32",
    "device": "cuda:0",
    "seed": 0,
    "vram_limit_gb": 40.0,
    "profile_memory": false,
    "annotate_attention": false,
    "campaign": "assignment_warmup_comparison_full",
    "output_root": "data/section1_1"
  },
  "model_spec": {
    "name": "small",
    "d_model": 768,
    "d_ff": 3072,
    "num_layers": 12,
    "num_heads": 12
  },
  "timings_seconds": [
    0.013874396914616227,
    0.012804731028154492,
    0.012039446970447898,
    0.01229590701404959,
    0.013193991035223007,
    0.014506954001262784,
    0.01400358893442899,
    0.015833702054806054,
    0.014979138970375061,
    0.013699408969841897
  ],
  "mean_seconds": 0.0137231265893206,
  "stdev_seconds": 0.0011899464641935023,
  "peak_reserved_bytes": 593494016,
  "peak_reserved_gb": 0.552734375,
  "peak_device_used_bytes": 593494016,
  "peak_device_used_gb": 0.552734375,
  "snapshot_path": null,
  "parameter_count": 128625408,
  "loss": null
}
