{
  "config": {
    "model_size": "small",
    "context_length": 128,
    "batch_size": 1,
    "mode": "forward_backward",
    "warmup_steps": 5,
    "measure_steps": 10,
    "precision": "fp32",
    "device": "cuda:0",
    "seed": 0,
    "vram_limit_gb": 40.0,
    "profile_memory": false,
    "annotate_attention": false,
    "campaign": "assignment_warmup_comparison_full",
    "output_root": "data/section1_1"
  },
  "model_spec": {
    "name": "small",
    "d_model": 768,
    "d_ff": 3072,
    "num_layers": 12,
    "num_heads": 12
  },
  "timings_seconds": [
    0.03285505995154381,
    0.03235641506034881,
    0.033067990094423294,
    0.04478846804704517,
    0.03104161994997412,
    0.035657736007124186,
    0.03432840306777507,
    0.027875312021933496,
    0.03363210801035166,
    0.0331127840327099
  ],
  "mean_seconds": 0.03387158962432295,
  "stdev_seconds": 0.004360801423168365,
  "peak_reserved_bytes": 1239416832,
  "peak_reserved_gb": 1.154296875,
  "peak_device_used_bytes": 1239416832,
  "peak_device_used_gb": 1.154296875,
  "snapshot_path": null,
  "parameter_count": 128625408,
  "loss": 9.329376220703125
}
