{
  "config": {
    "model_size": "small",
    "context_length": 128,
    "batch_size": 1,
    "mode": "forward_backward",
    "warmup_steps": 0,
    "measure_steps": 10,
    "precision": "fp32",
    "device": "cuda:0",
    "seed": 0,
    "vram_limit_gb": 40.0,
    "profile_memory": false,
    "annotate_attention": false,
    "campaign": "assignment_warmup_comparison_full",
    "output_root": "data/section1_1"
  },
  "model_spec": {
    "name": "small",
    "d_model": 768,
    "d_ff": 3072,
    "num_layers": 12,
    "num_heads": 12
  },
  "timings_seconds": [
    0.5684722979785874,
    0.03384098899550736,
    0.033030158025212586,
    0.036546672927215695,
    0.034748871927149594,
    0.03757134499028325,
    0.03192606894299388,
    0.03426267998293042,
    0.03723503393121064,
    0.03381387796252966
  ],
  "mean_seconds": 0.08814479956636205,
  "stdev_seconds": 0.16877983065310098,
  "peak_reserved_bytes": 1239416832,
  "peak_reserved_gb": 1.154296875,
  "peak_device_used_bytes": 1239416832,
  "peak_device_used_gb": 1.154296875,
  "snapshot_path": null,
  "parameter_count": 128625408,
  "loss": 9.329376220703125
}
