{
  "config": {
    "model_size": "small",
    "context_length": 256,
    "batch_size": 1,
    "mode": "forward",
    "warmup_steps": 2,
    "measure_steps": 10,
    "precision": "fp32",
    "device": "cuda:0",
    "seed": 0,
    "vram_limit_gb": 40.0,
    "profile_memory": false,
    "annotate_attention": false,
    "campaign": "assignment_warmup_comparison_full",
    "output_root": "data/section1_1"
  },
  "model_spec": {
    "name": "small",
    "d_model": 768,
    "d_ff": 3072,
    "num_layers": 12,
    "num_heads": 12
  },
  "timings_seconds": [
    0.016831884044222534,
    0.015341417980380356,
    0.012682822998613119,
    0.012224694015458226,
    0.014368052943609655,
    0.0149226930225268,
    0.014723760075867176,
    0.012122653075493872,
    0.015290973940864205,
    0.012814830988645554
  ],
  "mean_seconds": 0.01413237830856815,
  "stdev_seconds": 0.0015859354292202862,
  "peak_reserved_bytes": 616562688,
  "peak_reserved_gb": 0.57421875,
  "peak_device_used_bytes": 616562688,
  "peak_device_used_gb": 0.57421875,
  "snapshot_path": null,
  "parameter_count": 128625408,
  "loss": null
}
