/home/ethan/github/ece405-assignment4-hpc/.venv/lib/python3.12/site-packages/torch/distributed/c10d_logger.py:83: UserWarning: barrier(): using the device under current context. You can specify `device_id` in `init_process_group` to mute this warning.
  return func(*args, **kwargs)
{
  "config": {
    "implementation": "naive",
    "backend": "nccl",
    "device_type": "cuda",
    "world_size": 2,
    "model_size": "xl",
    "context_length": 128,
    "batch_size": 4,
    "warmup_steps": 5,
    "measure_steps": 10,
    "bucket_size_mb": 25.0,
    "master_port": 29700,
    "campaign": "assignment_section2_ddp_full",
    "output_root": "data/section2"
  },
  "model_spec": {
    "name": "xl",
    "d_model": 1600,
    "d_ff": 6400,
    "num_layers": 48,
    "num_heads": 25
  },
  "status": "ok",
  "step_timings_seconds": [
    2.194248448999133,
    2.1548753660172224,
    2.1494725640513934,
    2.187443107017316,
    2.207159890967887,
    2.211640833003912,
    2.2247689710347913,
    2.2733243230031803,
    2.1794536749948747,
    2.1442883019917645
  ],
  "communication_timings_seconds": [
    0.04342003195779398,
    0.0501796180033125,
    0.04739098803838715,
    0.03416706999996677,
    0.04511521098902449,
    0.04693834000499919,
    0.04488180298358202,
    0.04696703405352309,
    0.04093962104525417,
    0.0432595910388045
  ],
  "step": {
    "mean_seconds": 2.1926675481081475,
    "stdev_seconds": 0.03936303657595839,
    "min_seconds": 2.1442883019917645,
    "max_seconds": 2.2733243230031803
  },
  "communication": {
    "mean_seconds": 0.044325930811464784,
    "stdev_seconds": 0.004409832130949239,
    "min_seconds": 0.03416706999996677,
    "max_seconds": 0.0501796180033125
  }
}
