/home/ethan/github/ece405-assignment4-hpc/.venv/lib/python3.12/site-packages/torch/distributed/c10d_logger.py:83: UserWarning: barrier(): using the device under current context. You can specify `device_id` in `init_process_group` to mute this warning.
  return func(*args, **kwargs)
{
  "config": {
    "implementation": "overlap_individual",
    "backend": "nccl",
    "device_type": "cuda",
    "world_size": 2,
    "model_size": "xl",
    "context_length": 128,
    "batch_size": 4,
    "warmup_steps": 5,
    "measure_steps": 10,
    "bucket_size_mb": 25.0,
    "master_port": 29702,
    "campaign": "assignment_section2_ddp_full",
    "output_root": "data/section2"
  },
  "model_spec": {
    "name": "xl",
    "d_model": 1600,
    "d_ff": 6400,
    "num_layers": 48,
    "num_heads": 25
  },
  "status": "ok",
  "step_timings_seconds": [
    1.9202937340014614,
    1.973648787010461,
    1.9404315669671632,
    1.8760205219732597,
    1.9187510320334695,
    1.991378172999248,
    1.9663745560101233,
    1.9024819629848935,
    1.9236336570465937,
    1.9486092319712043
  ],
  "communication_timings_seconds": [
    0.0017609720234759152,
    0.00318969099316746,
    0.0019222739501856267,
    0.0017226709751412272,
    0.0022895329748280346,
    0.002320291008800268,
    0.0020159599953331053,
    0.00263955001719296,
    0.0026600079727359116,
    0.0024187149829231203
  ],
  "step": {
    "mean_seconds": 1.9361623222997877,
    "stdev_seconds": 0.03496552525556597,
    "min_seconds": 1.8760205219732597,
    "max_seconds": 1.991378172999248
  },
  "communication": {
    "mean_seconds": 0.002293966489378363,
    "stdev_seconds": 0.000459216261281997,
    "min_seconds": 0.0017226709751412272,
    "max_seconds": 0.00318969099316746
  }
}
