/home/ethan/github/ece405-assignment4-hpc/.venv/lib/python3.12/site-packages/torch/distributed/c10d_logger.py:83: UserWarning: barrier(): using the device under current context. You can specify `device_id` in `init_process_group` to mute this warning.
  return func(*args, **kwargs)
{
  "config": {
    "implementation": "overlap_bucketed",
    "backend": "nccl",
    "device_type": "cuda",
    "world_size": 2,
    "model_size": "xl",
    "context_length": 128,
    "batch_size": 4,
    "warmup_steps": 5,
    "measure_steps": 10,
    "bucket_size_mb": 1.0,
    "master_port": 29703,
    "campaign": "assignment_section2_ddp_full",
    "output_root": "data/section2"
  },
  "model_spec": {
    "name": "xl",
    "d_model": 1600,
    "d_ff": 6400,
    "num_layers": 48,
    "num_heads": 25
  },
  "status": "ok",
  "step_timings_seconds": [
    1.9063375130062923,
    2.0140301709761843,
    1.9141845079720952,
    1.9347049579955637,
    2.0317655580001883,
    1.9156848520506173,
    1.914638870046474,
    1.9297084790305234,
    1.935612490051426,
    1.9190563540323637
  ],
  "communication_timings_seconds": [
    0.007467071991413832,
    0.004738595976959914,
    0.004253576975315809,
    0.007115693995729089,
    0.007128537981770933,
    0.006755147012881935,
    0.006915517966262996,
    0.0045303960214369,
    0.0040560560300946236,
    0.00469240901293233
  ],
  "step": {
    "mean_seconds": 1.9415723753161729,
    "stdev_seconds": 0.044099024458502875,
    "min_seconds": 1.9063375130062923,
    "max_seconds": 2.0317655580001883
  },
  "communication": {
    "mean_seconds": 0.0057653002964798365,
    "stdev_seconds": 0.0014070391938620682,
    "min_seconds": 0.0040560560300946236,
    "max_seconds": 0.007467071991413832
  }
}
