{
  "config": {
    "model_size": "small",
    "context_length": 256,
    "batch_size": 1,
    "mode": "forward_backward",
    "warmup_steps": 2,
    "measure_steps": 10,
    "precision": "fp32",
    "device": "cuda:0",
    "seed": 0,
    "vram_limit_gb": 40.0,
    "profile_memory": false,
    "annotate_attention": false,
    "campaign": "assignment_warmup_w2_full",
    "output_root": "data/section1_1"
  },
  "model_spec": {
    "name": "small",
    "d_model": 768,
    "d_ff": 3072,
    "num_layers": 12,
    "num_heads": 12
  },
  "timings_seconds": [
    0.03788782807532698,
    0.04313570796512067,
    0.04552937706466764,
    0.03772158606443554,
    0.03886947804130614,
    0.029885811964049935,
    0.04092459206003696,
    0.035485753091052175,
    0.04225521709304303,
    0.04459788103122264
  ],
  "mean_seconds": 0.039629323245026174,
  "stdev_seconds": 0.004710741769524307,
  "peak_reserved_bytes": 1348468736,
  "peak_reserved_gb": 1.255859375,
  "peak_device_used_bytes": 1348468736,
  "peak_device_used_gb": 1.255859375,
  "snapshot_path": null,
  "parameter_count": 128625408,
  "loss": 9.292584419250488
}
