{
  "config": {
    "model_size": "2.7b",
    "context_length": 128,
    "batch_size": 1,
    "mode": "forward",
    "warmup_steps": 5,
    "measure_steps": 10,
    "precision": "fp32",
    "device": "cuda:1",
    "seed": 0,
    "vram_limit_gb": 80.0,
    "profile_memory": false,
    "annotate_attention": false,
    "campaign": "assignment_timing_full",
    "output_root": "data/section1_1"
  },
  "model_spec": {
    "name": "2.7b",
    "d_model": 2560,
    "d_ff": 10240,
    "num_layers": 32,
    "num_heads": 32
  },
  "timings_seconds": [
    0.15222456399351358,
    0.15984442201443017,
    0.15187131200218573,
    0.1607842450030148,
    0.15173630800563842,
    0.16293086999212392,
    0.15426335702068172,
    0.16883608399075456,
    0.16280969299259596,
    0.1689940610085614
  ],
  "mean_seconds": 0.15942949160235004,
  "stdev_seconds": 0.006671406527227786,
  "peak_reserved_bytes": 13807648768,
  "peak_reserved_gb": 12.859375,
  "peak_device_used_bytes": 13807648768,
  "peak_device_used_gb": 12.859375,
  "snapshot_path": null,
  "parameter_count": 3406809600,
  "loss": null
}
