{
  "config": {
    "model_size": "2.7b",
    "context_length": 1024,
    "batch_size": 1,
    "mode": "forward_backward",
    "warmup_steps": 5,
    "measure_steps": 10,
    "precision": "bf16",
    "device": "cuda:1",
    "seed": 0,
    "vram_limit_gb": 80.0,
    "profile_memory": false,
    "annotate_attention": false,
    "campaign": "assignment_timing_full",
    "output_root": "data/section1_1"
  },
  "model_spec": {
    "name": "2.7b",
    "d_model": 2560,
    "d_ff": 10240,
    "num_layers": 32,
    "num_heads": 32
  },
  "timings_seconds": [
    0.7290376030141488,
    0.731106452003587,
    0.8027267360012047,
    0.7270560369943269,
    0.9595499529968947,
    1.0174995200068224,
    1.022163908026414,
    1.0190151229908224,
    1.0129916369915009,
    1.0072725320060272
  ],
  "mean_seconds": 0.9028419501031749,
  "stdev_seconds": 0.13652820927263756,
  "peak_reserved_bytes": 43432017920,
  "peak_reserved_gb": 40.44921875,
  "peak_device_used_bytes": 43432017920,
  "peak_device_used_gb": 40.44921875,
  "snapshot_path": null,
  "parameter_count": 3406809600,
  "loss": 9.426334381103516
}
