{
  "config": {
    "model_size": "2.7b",
    "context_length": 256,
    "batch_size": 1,
    "mode": "train_step",
    "warmup_steps": 5,
    "measure_steps": 10,
    "precision": "bf16",
    "device": "cuda:1",
    "seed": 0,
    "vram_limit_gb": 80.0,
    "profile_memory": false,
    "annotate_attention": false,
    "campaign": "assignment_timing_full",
    "output_root": "data/section1_1"
  },
  "model_spec": {
    "name": "2.7b",
    "d_model": 2560,
    "d_ff": 10240,
    "num_layers": 32,
    "num_heads": 32
  },
  "timings_seconds": [
    1.4094255259842612,
    1.3975820369960275,
    1.3840306960046291,
    1.4046200349985156,
    1.111292682995554,
    1.0350221589906141,
    1.2411593809956685,
    1.380988240998704,
    1.3964841090200935,
    1.3767189139907714
  ],
  "mean_seconds": 1.3137323780974839,
  "stdev_seconds": 0.1368928711691617,
  "peak_reserved_bytes": 64535658496,
  "peak_reserved_gb": 60.103515625,
  "peak_device_used_bytes": 64535658496,
  "peak_device_used_gb": 60.103515625,
  "snapshot_path": null,
  "parameter_count": 3406809600,
  "loss": 5.552138328552246
}
