{
  "config": {
    "model_size": "2.7b",
    "context_length": 256,
    "batch_size": 1,
    "mode": "train_step",
    "warmup_steps": 5,
    "measure_steps": 10,
    "precision": "fp32",
    "device": "cuda:1",
    "seed": 0,
    "vram_limit_gb": 80.0,
    "profile_memory": false,
    "annotate_attention": false,
    "campaign": "assignment_timing_full",
    "output_root": "data/section1_1"
  },
  "model_spec": {
    "name": "2.7b",
    "d_model": 2560,
    "d_ff": 10240,
    "num_layers": 32,
    "num_heads": 32
  },
  "timings_seconds": [
    1.7426694709865842,
    1.9031654449936468,
    2.145341566996649,
    1.8169916810002178,
    1.7470122040249407,
    1.744901404978009,
    1.7379963470157236,
    1.7506809339975007,
    1.7436116969911382,
    1.7432457710092422
  ],
  "mean_seconds": 1.8075616521993652,
  "stdev_seconds": 0.12971280072690833,
  "peak_reserved_bytes": 58913193984,
  "peak_reserved_gb": 54.8671875,
  "peak_device_used_bytes": 58913193984,
  "peak_device_used_gb": 54.8671875,
  "snapshot_path": null,
  "parameter_count": 3406809600,
  "loss": 5.504982948303223
}
