{
  "config": {
    "model_size": "2.7b",
    "context_length": 1024,
    "batch_size": 1,
    "mode": "train_step",
    "warmup_steps": 5,
    "measure_steps": 10,
    "precision": "fp32",
    "device": "cuda:1",
    "seed": 0,
    "vram_limit_gb": 85.0,
    "profile_memory": false,
    "annotate_attention": false,
    "campaign": "assignment_timing_full",
    "output_root": "data/section1_1"
  },
  "model_spec": {
    "name": "2.7b",
    "d_model": 2560,
    "d_ff": 10240,
    "num_layers": 32,
    "num_heads": 32
  },
  "timings_seconds": [
    1.7260002820403315,
    1.7283877190202475,
    1.7276033679954708,
    1.7269188049831428,
    1.7281840069917962,
    1.7293245460023172,
    1.7289226930006407,
    1.7266329489648342,
    1.7255502190091647,
    1.7299180289846845
  ],
  "mean_seconds": 1.727744261699263,
  "stdev_seconds": 0.0014533566689391478,
  "peak_reserved_bytes": 61496885248,
  "peak_reserved_gb": 57.2734375,
  "peak_device_used_bytes": 61496885248,
  "peak_device_used_gb": 57.2734375,
  "snapshot_path": null,
  "parameter_count": 3406809600,
  "loss": 6.899414539337158
}
