{
  "config": {
    "model_size": "large",
    "context_length": 256,
    "batch_size": 1,
    "mode": "forward",
    "warmup_steps": 5,
    "measure_steps": 10,
    "precision": "fp32",
    "device": "cuda:1",
    "seed": 0,
    "vram_limit_gb": 80.0,
    "profile_memory": false,
    "annotate_attention": false,
    "campaign": "assignment_timing_full",
    "output_root": "data/section1_1"
  },
  "model_spec": {
    "name": "large",
    "d_model": 1280,
    "d_ff": 5120,
    "num_layers": 36,
    "num_heads": 20
  },
  "timings_seconds": [
    0.053572829987388104,
    0.06014572601998225,
    0.05430226799217053,
    0.05981357299606316,
    0.04693697698530741,
    0.04468733799876645,
    0.05553653300739825,
    0.054518463992280886,
    0.06093765198602341,
    0.05040460001328029
  ],
  "mean_seconds": 0.054085596097866076,
  "stdev_seconds": 0.005498159034575922,
  "peak_reserved_bytes": 4102029312,
  "peak_reserved_gb": 3.8203125,
  "peak_device_used_bytes": 4102029312,
  "peak_device_used_gb": 3.8203125,
  "snapshot_path": null,
  "parameter_count": 969411840,
  "loss": null
}
