{
  "config": {
    "model_size": "large",
    "context_length": 512,
    "batch_size": 1,
    "mode": "forward_backward",
    "warmup_steps": 5,
    "measure_steps": 10,
    "precision": "fp32",
    "device": "cuda:1",
    "seed": 0,
    "vram_limit_gb": 80.0,
    "profile_memory": false,
    "annotate_attention": false,
    "campaign": "assignment_timing_full",
    "output_root": "data/section1_1"
  },
  "model_spec": {
    "name": "large",
    "d_model": 1280,
    "d_ff": 5120,
    "num_layers": 36,
    "num_heads": 20
  },
  "timings_seconds": [
    0.34594150399789214,
    0.35323578299721703,
    0.34353519199066795,
    0.3548310039914213,
    0.34500828498858027,
    0.3526657640177291,
    0.3450603529927321,
    0.3553047130117193,
    0.345330969983479,
    0.3529081779997796
  ],
  "mean_seconds": 0.3493821745971218,
  "stdev_seconds": 0.004750180009484826,
  "peak_reserved_bytes": 11601444864,
  "peak_reserved_gb": 10.8046875,
  "peak_device_used_bytes": 11601444864,
  "peak_device_used_gb": 10.8046875,
  "snapshot_path": null,
  "parameter_count": 969411840,
  "loss": 9.297090530395508
}
