{
  "config": {
    "model_size": "large",
    "context_length": 512,
    "batch_size": 1,
    "mode": "forward",
    "warmup_steps": 5,
    "measure_steps": 10,
    "precision": "bf16",
    "device": "cuda:1",
    "seed": 0,
    "vram_limit_gb": 80.0,
    "profile_memory": false,
    "annotate_attention": false,
    "campaign": "assignment_timing_full",
    "output_root": "data/section1_1"
  },
  "model_spec": {
    "name": "large",
    "d_model": 1280,
    "d_ff": 5120,
    "num_layers": 36,
    "num_heads": 20
  },
  "timings_seconds": [
    0.04324457299662754,
    0.053863866021856666,
    0.04741333000129089,
    0.05754757398972288,
    0.05149266999796964,
    0.042995494994102046,
    0.056119566987035796,
    0.046887454023817554,
    0.05933713002013974,
    0.043748266994953156
  ],
  "mean_seconds": 0.05026499260275159,
  "stdev_seconds": 0.006220165573829898,
  "peak_reserved_bytes": 6350176256,
  "peak_reserved_gb": 5.9140625,
  "peak_device_used_bytes": 6350176256,
  "peak_device_used_gb": 5.9140625,
  "snapshot_path": null,
  "parameter_count": 969411840,
  "loss": null
}
