{
  "config": {
    "model_size": "large",
    "context_length": 1024,
    "batch_size": 1,
    "mode": "forward",
    "warmup_steps": 5,
    "measure_steps": 10,
    "precision": "fp32",
    "device": "cuda:1",
    "seed": 0,
    "vram_limit_gb": 80.0,
    "profile_memory": false,
    "annotate_attention": false,
    "campaign": "assignment_timing_full",
    "output_root": "data/section1_1"
  },
  "model_spec": {
    "name": "large",
    "d_model": 1280,
    "d_ff": 5120,
    "num_layers": 36,
    "num_heads": 20
  },
  "timings_seconds": [
    0.22799859699443914,
    0.22755300099379383,
    0.22814568199100904,
    0.227263959008269,
    0.22745983602362685,
    0.22833747102413327,
    0.2280243549903389,
    0.22791647200938314,
    0.22787868199520744,
    0.22794940398307517
  ],
  "mean_seconds": 0.2278527459013276,
  "stdev_seconds": 0.0003293872910783741,
  "peak_reserved_bytes": 4456448000,
  "peak_reserved_gb": 4.150390625,
  "peak_device_used_bytes": 4456448000,
  "peak_device_used_gb": 4.150390625,
  "snapshot_path": null,
  "parameter_count": 969411840,
  "loss": null
}
