{
  "config": {
    "model_size": "large",
    "context_length": 1024,
    "batch_size": 1,
    "mode": "forward_backward",
    "warmup_steps": 5,
    "measure_steps": 10,
    "precision": "fp32",
    "device": "cuda:1",
    "seed": 0,
    "vram_limit_gb": 80.0,
    "profile_memory": false,
    "annotate_attention": false,
    "campaign": "assignment_timing_full",
    "output_root": "data/section1_1"
  },
  "model_spec": {
    "name": "large",
    "d_model": 1280,
    "d_ff": 5120,
    "num_layers": 36,
    "num_heads": 20
  },
  "timings_seconds": [
    0.6974719099816866,
    0.6975366310216486,
    0.6985776340006851,
    0.6978734229924157,
    0.698741820990108,
    0.6979809140029829,
    0.6974321549932938,
    0.6965871609863825,
    0.6961229099833872,
    0.695681582990801
  ],
  "mean_seconds": 0.6974006141943392,
  "stdev_seconds": 0.0010010210487607317,
  "peak_reserved_bytes": 16496197632,
  "peak_reserved_gb": 15.36328125,
  "peak_device_used_bytes": 16496197632,
  "peak_device_used_gb": 15.36328125,
  "snapshot_path": null,
  "parameter_count": 969411840,
  "loss": 9.30348014831543
}
