{
  "config": {
    "model_size": "large",
    "context_length": 256,
    "batch_size": 1,
    "mode": "forward_backward",
    "warmup_steps": 5,
    "measure_steps": 10,
    "precision": "bf16",
    "device": "cuda:1",
    "seed": 0,
    "vram_limit_gb": 80.0,
    "profile_memory": false,
    "annotate_attention": false,
    "campaign": "assignment_timing_full",
    "output_root": "data/section1_1"
  },
  "model_spec": {
    "name": "large",
    "d_model": 1280,
    "d_ff": 5120,
    "num_layers": 36,
    "num_heads": 20
  },
  "timings_seconds": [
    0.13859814099851064,
    0.1353808180138003,
    0.14657563099171966,
    0.13843397298478521,
    0.13270446899696253,
    0.14491890399949625,
    0.14113763399655,
    0.1353182909952011,
    0.1399851430032868,
    0.14280920798773877
  ],
  "mean_seconds": 0.13958622119680514,
  "stdev_seconds": 0.00441973044917888,
  "peak_reserved_bytes": 11129585664,
  "peak_reserved_gb": 10.365234375,
  "peak_device_used_bytes": 11129585664,
  "peak_device_used_gb": 10.365234375,
  "snapshot_path": null,
  "parameter_count": 969411840,
  "loss": 9.3024263381958
}
