{
  "config": {
    "model_size": "large",
    "context_length": 128,
    "batch_size": 1,
    "mode": "forward_backward",
    "warmup_steps": 5,
    "measure_steps": 10,
    "precision": "fp32",
    "device": "cuda:1",
    "seed": 0,
    "vram_limit_gb": 80.0,
    "profile_memory": false,
    "annotate_attention": false,
    "campaign": "assignment_timing_full",
    "output_root": "data/section1_1"
  },
  "model_spec": {
    "name": "large",
    "d_model": 1280,
    "d_ff": 5120,
    "num_layers": 36,
    "num_heads": 20
  },
  "timings_seconds": [
    0.11099287599790841,
    0.11347989001660608,
    0.11301794301834889,
    0.11333232201286592,
    0.11244961700867862,
    0.11358246198506095,
    0.11124381600529887,
    0.11416920198826119,
    0.11097650497686118,
    0.11290420999284834
  ],
  "mean_seconds": 0.11261488430027385,
  "stdev_seconds": 0.00115871417173954,
  "peak_reserved_bytes": 8506048512,
  "peak_reserved_gb": 7.921875,
  "peak_device_used_bytes": 8506048512,
  "peak_device_used_gb": 7.921875,
  "snapshot_path": null,
  "parameter_count": 969411840,
  "loss": 9.324213027954102
}
