{
  "config": {
    "model_size": "medium",
    "context_length": 512,
    "batch_size": 1,
    "mode": "forward_backward",
    "warmup_steps": 5,
    "measure_steps": 10,
    "precision": "bf16",
    "device": "cuda:1",
    "seed": 0,
    "vram_limit_gb": 80.0,
    "profile_memory": false,
    "annotate_attention": false,
    "campaign": "assignment_timing_full",
    "output_root": "data/section1_1"
  },
  "model_spec": {
    "name": "medium",
    "d_model": 1024,
    "d_ff": 4096,
    "num_layers": 24,
    "num_heads": 16
  },
  "timings_seconds": [
    0.06672510399948806,
    0.06284917599987239,
    0.0834860140166711,
    0.07491621401277371,
    0.07033166699693538,
    0.0668616599868983,
    0.08202086700475775,
    0.07809070698567666,
    0.06823934300336987,
    0.0640838909894228
  ],
  "mean_seconds": 0.0717604642995866,
  "stdev_seconds": 0.0074156653965678195,
  "peak_reserved_bytes": 5165285376,
  "peak_reserved_gb": 4.810546875,
  "peak_device_used_bytes": 5165285376,
  "peak_device_used_gb": 4.810546875,
  "snapshot_path": null,
  "parameter_count": 423183360,
  "loss": 9.324445724487305
}
