{
  "config": {
    "model_size": "medium",
    "context_length": 256,
    "batch_size": 1,
    "mode": "train_step",
    "warmup_steps": 5,
    "measure_steps": 10,
    "precision": "bf16",
    "device": "cuda:1",
    "seed": 0,
    "vram_limit_gb": 80.0,
    "profile_memory": false,
    "annotate_attention": false,
    "campaign": "assignment_timing_full",
    "output_root": "data/section1_1"
  },
  "model_spec": {
    "name": "medium",
    "d_model": 1024,
    "d_ff": 4096,
    "num_layers": 24,
    "num_heads": 16
  },
  "timings_seconds": [
    0.0993959290208295,
    0.0982045250129886,
    0.09845445401151665,
    0.0988307690131478,
    0.0980292659951374,
    0.09960908797802404,
    0.09849540999857709,
    0.09885667799971998,
    0.09859618899645284,
    0.09863158501684666
  ],
  "mean_seconds": 0.09871038930432405,
  "stdev_seconds": 0.0004903869346779899,
  "peak_reserved_bytes": 8424259584,
  "peak_reserved_gb": 7.845703125,
  "peak_device_used_bytes": 8424259584,
  "peak_device_used_gb": 7.845703125,
  "snapshot_path": null,
  "parameter_count": 423183360,
  "loss": 4.547574996948242
}
