{
  "config": {
    "model_size": "medium",
    "context_length": 512,
    "batch_size": 1,
    "mode": "forward",
    "warmup_steps": 5,
    "measure_steps": 10,
    "precision": "fp32",
    "device": "cuda:1",
    "seed": 0,
    "vram_limit_gb": 80.0,
    "profile_memory": false,
    "annotate_attention": false,
    "campaign": "assignment_timing_full",
    "output_root": "data/section1_1"
  },
  "model_spec": {
    "name": "medium",
    "d_model": 1024,
    "d_ff": 4096,
    "num_layers": 24,
    "num_heads": 16
  },
  "timings_seconds": [
    0.03710373700596392,
    0.0448284329904709,
    0.047276753990445286,
    0.031159130012383685,
    0.04481113998917863,
    0.04049228198709898,
    0.03756237801280804,
    0.04477472201688215,
    0.04507721998379566,
    0.03359544798149727
  ],
  "mean_seconds": 0.04066812439705245,
  "stdev_seconds": 0.005550537144306325,
  "peak_reserved_bytes": 1809842176,
  "peak_reserved_gb": 1.685546875,
  "peak_device_used_bytes": 1809842176,
  "peak_device_used_gb": 1.685546875,
  "snapshot_path": null,
  "parameter_count": 423183360,
  "loss": null
}
