{
  "config": {
    "model_size": "medium",
    "context_length": 128,
    "batch_size": 1,
    "mode": "forward_backward",
    "warmup_steps": 5,
    "measure_steps": 10,
    "precision": "fp32",
    "device": "cuda:1",
    "seed": 0,
    "vram_limit_gb": 80.0,
    "profile_memory": false,
    "annotate_attention": false,
    "campaign": "assignment_timing_full",
    "output_root": "data/section1_1"
  },
  "model_spec": {
    "name": "medium",
    "d_model": 1024,
    "d_ff": 4096,
    "num_layers": 24,
    "num_heads": 16
  },
  "timings_seconds": [
    0.07062805298482999,
    0.06096534300013445,
    0.05929510097485036,
    0.07259029199485667,
    0.058034707995830104,
    0.05956534799770452,
    0.07246073998976499,
    0.06029158001183532,
    0.05967746800160967,
    0.07247610899503343
  ],
  "mean_seconds": 0.06459847419464496,
  "stdev_seconds": 0.006468760493376691,
  "peak_reserved_bytes": 3674210304,
  "peak_reserved_gb": 3.421875,
  "peak_device_used_bytes": 3674210304,
  "peak_device_used_gb": 3.421875,
  "snapshot_path": null,
  "parameter_count": 423183360,
  "loss": 9.36800765991211
}
