campaign=assignment_timing_full
kind=timing
device=cuda:1
smoke=False
run_count=120
planned small_ctx128_forward_fp32: /home/ethan/github/ece405-assignment4-hpc/.venv/bin/python -m cs336_systems.section1.benchmarking_script --model-size small --context-length 128 --batch-size 1 --mode forward --warmup-steps 5 --measure-steps 10 --precision fp32 --device cuda:1 --campaign assignment_timing_full --output-root data/section1_1 --vram-limit-gb 80.0
finished small_ctx128_forward_fp32: return_code=0
planned small_ctx128_forward_bf16: /home/ethan/github/ece405-assignment4-hpc/.venv/bin/python -m cs336_systems.section1.benchmarking_script --model-size small --context-length 128 --batch-size 1 --mode forward --warmup-steps 5 --measure-steps 10 --precision bf16 --device cuda:1 --campaign assignment_timing_full --output-root data/section1_1 --vram-limit-gb 80.0
finished small_ctx128_forward_bf16: return_code=0
planned small_ctx128_forward_backward_fp32: /home/ethan/github/ece405-assignment4-hpc/.venv/bin/python -m cs336_systems.section1.benchmarking_script --model-size small --context-length 128 --batch-size 1 --mode forward_backward --warmup-steps 5 --measure-steps 10 --precision fp32 --device cuda:1 --campaign assignment_timing_full --output-root data/section1_1 --vram-limit-gb 80.0
finished small_ctx128_forward_backward_fp32: return_code=0
planned small_ctx128_forward_backward_bf16: /home/ethan/github/ece405-assignment4-hpc/.venv/bin/python -m cs336_systems.section1.benchmarking_script --model-size small --context-length 128 --batch-size 1 --mode forward_backward --warmup-steps 5 --measure-steps 10 --precision bf16 --device cuda:1 --campaign assignment_timing_full --output-root data/section1_1 --vram-limit-gb 80.0
finished small_ctx128_forward_backward_bf16: return_code=0
planned small_ctx128_train_step_fp32: /home/ethan/github/ece405-assignment4-hpc/.venv/bin/python -m cs336_systems.section1.benchmarking_script --model-size small --context-length 128 --batch-size 1 --mode train_step --warmup-steps 5 --measure-steps 10 --precision fp32 --device cuda:1 --campaign assignment_timing_full --output-root data/section1_1 --vram-limit-gb 80.0
finished small_ctx128_train_step_fp32: return_code=0
planned small_ctx128_train_step_bf16: /home/ethan/github/ece405-assignment4-hpc/.venv/bin/python -m cs336_systems.section1.benchmarking_script --model-size small --context-length 128 --batch-size 1 --mode train_step --warmup-steps 5 --measure-steps 10 --precision bf16 --device cuda:1 --campaign assignment_timing_full --output-root data/section1_1 --vram-limit-gb 80.0
finished small_ctx128_train_step_bf16: return_code=0
planned small_ctx256_forward_fp32: /home/ethan/github/ece405-assignment4-hpc/.venv/bin/python -m cs336_systems.section1.benchmarking_script --model-size small --context-length 256 --batch-size 1 --mode forward --warmup-steps 5 --measure-steps 10 --precision fp32 --device cuda:1 --campaign assignment_timing_full --output-root data/section1_1 --vram-limit-gb 80.0
finished small_ctx256_forward_fp32: return_code=0
planned small_ctx256_forward_bf16: /home/ethan/github/ece405-assignment4-hpc/.venv/bin/python -m cs336_systems.section1.benchmarking_script --model-size small --context-length 256 --batch-size 1 --mode forward --warmup-steps 5 --measure-steps 10 --precision bf16 --device cuda:1 --campaign assignment_timing_full --output-root data/section1_1 --vram-limit-gb 80.0
finished small_ctx256_forward_bf16: return_code=0
planned small_ctx256_forward_backward_fp32: /home/ethan/github/ece405-assignment4-hpc/.venv/bin/python -m cs336_systems.section1.benchmarking_script --model-size small --context-length 256 --batch-size 1 --mode forward_backward --warmup-steps 5 --measure-steps 10 --precision fp32 --device cuda:1 --campaign assignment_timing_full --output-root data/section1_1 --vram-limit-gb 80.0
finished small_ctx256_forward_backward_fp32: return_code=0
planned small_ctx256_forward_backward_bf16: /home/ethan/github/ece405-assignment4-hpc/.venv/bin/python -m cs336_systems.section1.benchmarking_script --model-size small --context-length 256 --batch-size 1 --mode forward_backward --warmup-steps 5 --measure-steps 10 --precision bf16 --device cuda:1 --campaign assignment_timing_full --output-root data/section1_1 --vram-limit-gb 80.0
finished small_ctx256_forward_backward_bf16: return_code=0
planned small_ctx256_train_step_fp32: /home/ethan/github/ece405-assignment4-hpc/.venv/bin/python -m cs336_systems.section1.benchmarking_script --model-size small --context-length 256 --batch-size 1 --mode train_step --warmup-steps 5 --measure-steps 10 --precision fp32 --device cuda:1 --campaign assignment_timing_full --output-root data/section1_1 --vram-limit-gb 80.0
finished small_ctx256_train_step_fp32: return_code=0
planned small_ctx256_train_step_bf16: /home/ethan/github/ece405-assignment4-hpc/.venv/bin/python -m cs336_systems.section1.benchmarking_script --model-size small --context-length 256 --batch-size 1 --mode train_step --warmup-steps 5 --measure-steps 10 --precision bf16 --device cuda:1 --campaign assignment_timing_full --output-root data/section1_1 --vram-limit-gb 80.0
finished small_ctx256_train_step_bf16: return_code=0
planned small_ctx512_forward_fp32: /home/ethan/github/ece405-assignment4-hpc/.venv/bin/python -m cs336_systems.section1.benchmarking_script --model-size small --context-length 512 --batch-size 1 --mode forward --warmup-steps 5 --measure-steps 10 --precision fp32 --device cuda:1 --campaign assignment_timing_full --output-root data/section1_1 --vram-limit-gb 80.0
finished small_ctx512_forward_fp32: return_code=0
planned small_ctx512_forward_bf16: /home/ethan/github/ece405-assignment4-hpc/.venv/bin/python -m cs336_systems.section1.benchmarking_script --model-size small --context-length 512 --batch-size 1 --mode forward --warmup-steps 5 --measure-steps 10 --precision bf16 --device cuda:1 --campaign assignment_timing_full --output-root data/section1_1 --vram-limit-gb 80.0
finished small_ctx512_forward_bf16: return_code=0
planned small_ctx512_forward_backward_fp32: /home/ethan/github/ece405-assignment4-hpc/.venv/bin/python -m cs336_systems.section1.benchmarking_script --model-size small --context-length 512 --batch-size 1 --mode forward_backward --warmup-steps 5 --measure-steps 10 --precision fp32 --device cuda:1 --campaign assignment_timing_full --output-root data/section1_1 --vram-limit-gb 80.0
finished small_ctx512_forward_backward_fp32: return_code=0
planned small_ctx512_forward_backward_bf16: /home/ethan/github/ece405-assignment4-hpc/.venv/bin/python -m cs336_systems.section1.benchmarking_script --model-size small --context-length 512 --batch-size 1 --mode forward_backward --warmup-steps 5 --measure-steps 10 --precision bf16 --device cuda:1 --campaign assignment_timing_full --output-root data/section1_1 --vram-limit-gb 80.0
finished small_ctx512_forward_backward_bf16: return_code=0
planned small_ctx512_train_step_fp32: /home/ethan/github/ece405-assignment4-hpc/.venv/bin/python -m cs336_systems.section1.benchmarking_script --model-size small --context-length 512 --batch-size 1 --mode train_step --warmup-steps 5 --measure-steps 10 --precision fp32 --device cuda:1 --campaign assignment_timing_full --output-root data/section1_1 --vram-limit-gb 80.0
finished small_ctx512_train_step_fp32: return_code=0
planned small_ctx512_train_step_bf16: /home/ethan/github/ece405-assignment4-hpc/.venv/bin/python -m cs336_systems.section1.benchmarking_script --model-size small --context-length 512 --batch-size 1 --mode train_step --warmup-steps 5 --measure-steps 10 --precision bf16 --device cuda:1 --campaign assignment_timing_full --output-root data/section1_1 --vram-limit-gb 80.0
finished small_ctx512_train_step_bf16: return_code=0
planned small_ctx1024_forward_fp32: /home/ethan/github/ece405-assignment4-hpc/.venv/bin/python -m cs336_systems.section1.benchmarking_script --model-size small --context-length 1024 --batch-size 1 --mode forward --warmup-steps 5 --measure-steps 10 --precision fp32 --device cuda:1 --campaign assignment_timing_full --output-root data/section1_1 --vram-limit-gb 80.0
finished small_ctx1024_forward_fp32: return_code=0
planned small_ctx1024_forward_bf16: /home/ethan/github/ece405-assignment4-hpc/.venv/bin/python -m cs336_systems.section1.benchmarking_script --model-size small --context-length 1024 --batch-size 1 --mode forward --warmup-steps 5 --measure-steps 10 --precision bf16 --device cuda:1 --campaign assignment_timing_full --output-root data/section1_1 --vram-limit-gb 80.0
finished small_ctx1024_forward_bf16: return_code=0
planned small_ctx1024_forward_backward_fp32: /home/ethan/github/ece405-assignment4-hpc/.venv/bin/python -m cs336_systems.section1.benchmarking_script --model-size small --context-length 1024 --batch-size 1 --mode forward_backward --warmup-steps 5 --measure-steps 10 --precision fp32 --device cuda:1 --campaign assignment_timing_full --output-root data/section1_1 --vram-limit-gb 80.0
finished small_ctx1024_forward_backward_fp32: return_code=0
planned small_ctx1024_forward_backward_bf16: /home/ethan/github/ece405-assignment4-hpc/.venv/bin/python -m cs336_systems.section1.benchmarking_script --model-size small --context-length 1024 --batch-size 1 --mode forward_backward --warmup-steps 5 --measure-steps 10 --precision bf16 --device cuda:1 --campaign assignment_timing_full --output-root data/section1_1 --vram-limit-gb 80.0
finished small_ctx1024_forward_backward_bf16: return_code=0
planned small_ctx1024_train_step_fp32: /home/ethan/github/ece405-assignment4-hpc/.venv/bin/python -m cs336_systems.section1.benchmarking_script --model-size small --context-length 1024 --batch-size 1 --mode train_step --warmup-steps 5 --measure-steps 10 --precision fp32 --device cuda:1 --campaign assignment_timing_full --output-root data/section1_1 --vram-limit-gb 80.0
finished small_ctx1024_train_step_fp32: return_code=0
planned small_ctx1024_train_step_bf16: /home/ethan/github/ece405-assignment4-hpc/.venv/bin/python -m cs336_systems.section1.benchmarking_script --model-size small --context-length 1024 --batch-size 1 --mode train_step --warmup-steps 5 --measure-steps 10 --precision bf16 --device cuda:1 --campaign assignment_timing_full --output-root data/section1_1 --vram-limit-gb 80.0
finished small_ctx1024_train_step_bf16: return_code=0
planned medium_ctx128_forward_fp32: /home/ethan/github/ece405-assignment4-hpc/.venv/bin/python -m cs336_systems.section1.benchmarking_script --model-size medium --context-length 128 --batch-size 1 --mode forward --warmup-steps 5 --measure-steps 10 --precision fp32 --device cuda:1 --campaign assignment_timing_full --output-root data/section1_1 --vram-limit-gb 80.0
finished medium_ctx128_forward_fp32: return_code=0
planned medium_ctx128_forward_bf16: /home/ethan/github/ece405-assignment4-hpc/.venv/bin/python -m cs336_systems.section1.benchmarking_script --model-size medium --context-length 128 --batch-size 1 --mode forward --warmup-steps 5 --measure-steps 10 --precision bf16 --device cuda:1 --campaign assignment_timing_full --output-root data/section1_1 --vram-limit-gb 80.0
finished medium_ctx128_forward_bf16: return_code=0
planned medium_ctx128_forward_backward_fp32: /home/ethan/github/ece405-assignment4-hpc/.venv/bin/python -m cs336_systems.section1.benchmarking_script --model-size medium --context-length 128 --batch-size 1 --mode forward_backward --warmup-steps 5 --measure-steps 10 --precision fp32 --device cuda:1 --campaign assignment_timing_full --output-root data/section1_1 --vram-limit-gb 80.0
finished medium_ctx128_forward_backward_fp32: return_code=0
planned medium_ctx128_forward_backward_bf16: /home/ethan/github/ece405-assignment4-hpc/.venv/bin/python -m cs336_systems.section1.benchmarking_script --model-size medium --context-length 128 --batch-size 1 --mode forward_backward --warmup-steps 5 --measure-steps 10 --precision bf16 --device cuda:1 --campaign assignment_timing_full --output-root data/section1_1 --vram-limit-gb 80.0
finished medium_ctx128_forward_backward_bf16: return_code=0
planned medium_ctx128_train_step_fp32: /home/ethan/github/ece405-assignment4-hpc/.venv/bin/python -m cs336_systems.section1.benchmarking_script --model-size medium --context-length 128 --batch-size 1 --mode train_step --warmup-steps 5 --measure-steps 10 --precision fp32 --device cuda:1 --campaign assignment_timing_full --output-root data/section1_1 --vram-limit-gb 80.0
finished medium_ctx128_train_step_fp32: return_code=0
planned medium_ctx128_train_step_bf16: /home/ethan/github/ece405-assignment4-hpc/.venv/bin/python -m cs336_systems.section1.benchmarking_script --model-size medium --context-length 128 --batch-size 1 --mode train_step --warmup-steps 5 --measure-steps 10 --precision bf16 --device cuda:1 --campaign assignment_timing_full --output-root data/section1_1 --vram-limit-gb 80.0
finished medium_ctx128_train_step_bf16: return_code=0
planned medium_ctx256_forward_fp32: /home/ethan/github/ece405-assignment4-hpc/.venv/bin/python -m cs336_systems.section1.benchmarking_script --model-size medium --context-length 256 --batch-size 1 --mode forward --warmup-steps 5 --measure-steps 10 --precision fp32 --device cuda:1 --campaign assignment_timing_full --output-root data/section1_1 --vram-limit-gb 80.0
finished medium_ctx256_forward_fp32: return_code=0
planned medium_ctx256_forward_bf16: /home/ethan/github/ece405-assignment4-hpc/.venv/bin/python -m cs336_systems.section1.benchmarking_script --model-size medium --context-length 256 --batch-size 1 --mode forward --warmup-steps 5 --measure-steps 10 --precision bf16 --device cuda:1 --campaign assignment_timing_full --output-root data/section1_1 --vram-limit-gb 80.0
finished medium_ctx256_forward_bf16: return_code=0
planned medium_ctx256_forward_backward_fp32: /home/ethan/github/ece405-assignment4-hpc/.venv/bin/python -m cs336_systems.section1.benchmarking_script --model-size medium --context-length 256 --batch-size 1 --mode forward_backward --warmup-steps 5 --measure-steps 10 --precision fp32 --device cuda:1 --campaign assignment_timing_full --output-root data/section1_1 --vram-limit-gb 80.0
finished medium_ctx256_forward_backward_fp32: return_code=0
planned medium_ctx256_forward_backward_bf16: /home/ethan/github/ece405-assignment4-hpc/.venv/bin/python -m cs336_systems.section1.benchmarking_script --model-size medium --context-length 256 --batch-size 1 --mode forward_backward --warmup-steps 5 --measure-steps 10 --precision bf16 --device cuda:1 --campaign assignment_timing_full --output-root data/section1_1 --vram-limit-gb 80.0
finished medium_ctx256_forward_backward_bf16: return_code=0
planned medium_ctx256_train_step_fp32: /home/ethan/github/ece405-assignment4-hpc/.venv/bin/python -m cs336_systems.section1.benchmarking_script --model-size medium --context-length 256 --batch-size 1 --mode train_step --warmup-steps 5 --measure-steps 10 --precision fp32 --device cuda:1 --campaign assignment_timing_full --output-root data/section1_1 --vram-limit-gb 80.0
finished medium_ctx256_train_step_fp32: return_code=0
planned medium_ctx256_train_step_bf16: /home/ethan/github/ece405-assignment4-hpc/.venv/bin/python -m cs336_systems.section1.benchmarking_script --model-size medium --context-length 256 --batch-size 1 --mode train_step --warmup-steps 5 --measure-steps 10 --precision bf16 --device cuda:1 --campaign assignment_timing_full --output-root data/section1_1 --vram-limit-gb 80.0
finished medium_ctx256_train_step_bf16: return_code=0
planned medium_ctx512_forward_fp32: /home/ethan/github/ece405-assignment4-hpc/.venv/bin/python -m cs336_systems.section1.benchmarking_script --model-size medium --context-length 512 --batch-size 1 --mode forward --warmup-steps 5 --measure-steps 10 --precision fp32 --device cuda:1 --campaign assignment_timing_full --output-root data/section1_1 --vram-limit-gb 80.0
finished medium_ctx512_forward_fp32: return_code=0
planned medium_ctx512_forward_bf16: /home/ethan/github/ece405-assignment4-hpc/.venv/bin/python -m cs336_systems.section1.benchmarking_script --model-size medium --context-length 512 --batch-size 1 --mode forward --warmup-steps 5 --measure-steps 10 --precision bf16 --device cuda:1 --campaign assignment_timing_full --output-root data/section1_1 --vram-limit-gb 80.0
finished medium_ctx512_forward_bf16: return_code=0
planned medium_ctx512_forward_backward_fp32: /home/ethan/github/ece405-assignment4-hpc/.venv/bin/python -m cs336_systems.section1.benchmarking_script --model-size medium --context-length 512 --batch-size 1 --mode forward_backward --warmup-steps 5 --measure-steps 10 --precision fp32 --device cuda:1 --campaign assignment_timing_full --output-root data/section1_1 --vram-limit-gb 80.0
finished medium_ctx512_forward_backward_fp32: return_code=0
planned medium_ctx512_forward_backward_bf16: /home/ethan/github/ece405-assignment4-hpc/.venv/bin/python -m cs336_systems.section1.benchmarking_script --model-size medium --context-length 512 --batch-size 1 --mode forward_backward --warmup-steps 5 --measure-steps 10 --precision bf16 --device cuda:1 --campaign assignment_timing_full --output-root data/section1_1 --vram-limit-gb 80.0
finished medium_ctx512_forward_backward_bf16: return_code=0
planned medium_ctx512_train_step_fp32: /home/ethan/github/ece405-assignment4-hpc/.venv/bin/python -m cs336_systems.section1.benchmarking_script --model-size medium --context-length 512 --batch-size 1 --mode train_step --warmup-steps 5 --measure-steps 10 --precision fp32 --device cuda:1 --campaign assignment_timing_full --output-root data/section1_1 --vram-limit-gb 80.0
finished medium_ctx512_train_step_fp32: return_code=0
planned medium_ctx512_train_step_bf16: /home/ethan/github/ece405-assignment4-hpc/.venv/bin/python -m cs336_systems.section1.benchmarking_script --model-size medium --context-length 512 --batch-size 1 --mode train_step --warmup-steps 5 --measure-steps 10 --precision bf16 --device cuda:1 --campaign assignment_timing_full --output-root data/section1_1 --vram-limit-gb 80.0
finished medium_ctx512_train_step_bf16: return_code=0
planned medium_ctx1024_forward_fp32: /home/ethan/github/ece405-assignment4-hpc/.venv/bin/python -m cs336_systems.section1.benchmarking_script --model-size medium --context-length 1024 --batch-size 1 --mode forward --warmup-steps 5 --measure-steps 10 --precision fp32 --device cuda:1 --campaign assignment_timing_full --output-root data/section1_1 --vram-limit-gb 80.0
finished medium_ctx1024_forward_fp32: return_code=0
planned medium_ctx1024_forward_bf16: /home/ethan/github/ece405-assignment4-hpc/.venv/bin/python -m cs336_systems.section1.benchmarking_script --model-size medium --context-length 1024 --batch-size 1 --mode forward --warmup-steps 5 --measure-steps 10 --precision bf16 --device cuda:1 --campaign assignment_timing_full --output-root data/section1_1 --vram-limit-gb 80.0
finished medium_ctx1024_forward_bf16: return_code=0
planned medium_ctx1024_forward_backward_fp32: /home/ethan/github/ece405-assignment4-hpc/.venv/bin/python -m cs336_systems.section1.benchmarking_script --model-size medium --context-length 1024 --batch-size 1 --mode forward_backward --warmup-steps 5 --measure-steps 10 --precision fp32 --device cuda:1 --campaign assignment_timing_full --output-root data/section1_1 --vram-limit-gb 80.0
finished medium_ctx1024_forward_backward_fp32: return_code=0
planned medium_ctx1024_forward_backward_bf16: /home/ethan/github/ece405-assignment4-hpc/.venv/bin/python -m cs336_systems.section1.benchmarking_script --model-size medium --context-length 1024 --batch-size 1 --mode forward_backward --warmup-steps 5 --measure-steps 10 --precision bf16 --device cuda:1 --campaign assignment_timing_full --output-root data/section1_1 --vram-limit-gb 80.0
finished medium_ctx1024_forward_backward_bf16: return_code=0
planned medium_ctx1024_train_step_fp32: /home/ethan/github/ece405-assignment4-hpc/.venv/bin/python -m cs336_systems.section1.benchmarking_script --model-size medium --context-length 1024 --batch-size 1 --mode train_step --warmup-steps 5 --measure-steps 10 --precision fp32 --device cuda:1 --campaign assignment_timing_full --output-root data/section1_1 --vram-limit-gb 80.0
finished medium_ctx1024_train_step_fp32: return_code=0
planned medium_ctx1024_train_step_bf16: /home/ethan/github/ece405-assignment4-hpc/.venv/bin/python -m cs336_systems.section1.benchmarking_script --model-size medium --context-length 1024 --batch-size 1 --mode train_step --warmup-steps 5 --measure-steps 10 --precision bf16 --device cuda:1 --campaign assignment_timing_full --output-root data/section1_1 --vram-limit-gb 80.0
finished medium_ctx1024_train_step_bf16: return_code=0
planned large_ctx128_forward_fp32: /home/ethan/github/ece405-assignment4-hpc/.venv/bin/python -m cs336_systems.section1.benchmarking_script --model-size large --context-length 128 --batch-size 1 --mode forward --warmup-steps 5 --measure-steps 10 --precision fp32 --device cuda:1 --campaign assignment_timing_full --output-root data/section1_1 --vram-limit-gb 80.0
finished large_ctx128_forward_fp32: return_code=0
planned large_ctx128_forward_bf16: /home/ethan/github/ece405-assignment4-hpc/.venv/bin/python -m cs336_systems.section1.benchmarking_script --model-size large --context-length 128 --batch-size 1 --mode forward --warmup-steps 5 --measure-steps 10 --precision bf16 --device cuda:1 --campaign assignment_timing_full --output-root data/section1_1 --vram-limit-gb 80.0
finished large_ctx128_forward_bf16: return_code=0
planned large_ctx128_forward_backward_fp32: /home/ethan/github/ece405-assignment4-hpc/.venv/bin/python -m cs336_systems.section1.benchmarking_script --model-size large --context-length 128 --batch-size 1 --mode forward_backward --warmup-steps 5 --measure-steps 10 --precision fp32 --device cuda:1 --campaign assignment_timing_full --output-root data/section1_1 --vram-limit-gb 80.0
finished large_ctx128_forward_backward_fp32: return_code=0
planned large_ctx128_forward_backward_bf16: /home/ethan/github/ece405-assignment4-hpc/.venv/bin/python -m cs336_systems.section1.benchmarking_script --model-size large --context-length 128 --batch-size 1 --mode forward_backward --warmup-steps 5 --measure-steps 10 --precision bf16 --device cuda:1 --campaign assignment_timing_full --output-root data/section1_1 --vram-limit-gb 80.0
finished large_ctx128_forward_backward_bf16: return_code=0
planned large_ctx128_train_step_fp32: /home/ethan/github/ece405-assignment4-hpc/.venv/bin/python -m cs336_systems.section1.benchmarking_script --model-size large --context-length 128 --batch-size 1 --mode train_step --warmup-steps 5 --measure-steps 10 --precision fp32 --device cuda:1 --campaign assignment_timing_full --output-root data/section1_1 --vram-limit-gb 80.0
finished large_ctx128_train_step_fp32: return_code=0
planned large_ctx128_train_step_bf16: /home/ethan/github/ece405-assignment4-hpc/.venv/bin/python -m cs336_systems.section1.benchmarking_script --model-size large --context-length 128 --batch-size 1 --mode train_step --warmup-steps 5 --measure-steps 10 --precision bf16 --device cuda:1 --campaign assignment_timing_full --output-root data/section1_1 --vram-limit-gb 80.0
finished large_ctx128_train_step_bf16: return_code=0
planned large_ctx256_forward_fp32: /home/ethan/github/ece405-assignment4-hpc/.venv/bin/python -m cs336_systems.section1.benchmarking_script --model-size large --context-length 256 --batch-size 1 --mode forward --warmup-steps 5 --measure-steps 10 --precision fp32 --device cuda:1 --campaign assignment_timing_full --output-root data/section1_1 --vram-limit-gb 80.0
finished large_ctx256_forward_fp32: return_code=0
planned large_ctx256_forward_bf16: /home/ethan/github/ece405-assignment4-hpc/.venv/bin/python -m cs336_systems.section1.benchmarking_script --model-size large --context-length 256 --batch-size 1 --mode forward --warmup-steps 5 --measure-steps 10 --precision bf16 --device cuda:1 --campaign assignment_timing_full --output-root data/section1_1 --vram-limit-gb 80.0
finished large_ctx256_forward_bf16: return_code=0
planned large_ctx256_forward_backward_fp32: /home/ethan/github/ece405-assignment4-hpc/.venv/bin/python -m cs336_systems.section1.benchmarking_script --model-size large --context-length 256 --batch-size 1 --mode forward_backward --warmup-steps 5 --measure-steps 10 --precision fp32 --device cuda:1 --campaign assignment_timing_full --output-root data/section1_1 --vram-limit-gb 80.0
finished large_ctx256_forward_backward_fp32: return_code=0
planned large_ctx256_forward_backward_bf16: /home/ethan/github/ece405-assignment4-hpc/.venv/bin/python -m cs336_systems.section1.benchmarking_script --model-size large --context-length 256 --batch-size 1 --mode forward_backward --warmup-steps 5 --measure-steps 10 --precision bf16 --device cuda:1 --campaign assignment_timing_full --output-root data/section1_1 --vram-limit-gb 80.0
finished large_ctx256_forward_backward_bf16: return_code=0
planned large_ctx256_train_step_fp32: /home/ethan/github/ece405-assignment4-hpc/.venv/bin/python -m cs336_systems.section1.benchmarking_script --model-size large --context-length 256 --batch-size 1 --mode train_step --warmup-steps 5 --measure-steps 10 --precision fp32 --device cuda:1 --campaign assignment_timing_full --output-root data/section1_1 --vram-limit-gb 80.0
finished large_ctx256_train_step_fp32: return_code=0
planned large_ctx256_train_step_bf16: /home/ethan/github/ece405-assignment4-hpc/.venv/bin/python -m cs336_systems.section1.benchmarking_script --model-size large --context-length 256 --batch-size 1 --mode train_step --warmup-steps 5 --measure-steps 10 --precision bf16 --device cuda:1 --campaign assignment_timing_full --output-root data/section1_1 --vram-limit-gb 80.0
finished large_ctx256_train_step_bf16: return_code=0
planned large_ctx512_forward_fp32: /home/ethan/github/ece405-assignment4-hpc/.venv/bin/python -m cs336_systems.section1.benchmarking_script --model-size large --context-length 512 --batch-size 1 --mode forward --warmup-steps 5 --measure-steps 10 --precision fp32 --device cuda:1 --campaign assignment_timing_full --output-root data/section1_1 --vram-limit-gb 80.0
finished large_ctx512_forward_fp32: return_code=0
planned large_ctx512_forward_bf16: /home/ethan/github/ece405-assignment4-hpc/.venv/bin/python -m cs336_systems.section1.benchmarking_script --model-size large --context-length 512 --batch-size 1 --mode forward --warmup-steps 5 --measure-steps 10 --precision bf16 --device cuda:1 --campaign assignment_timing_full --output-root data/section1_1 --vram-limit-gb 80.0
finished large_ctx512_forward_bf16: return_code=0
planned large_ctx512_forward_backward_fp32: /home/ethan/github/ece405-assignment4-hpc/.venv/bin/python -m cs336_systems.section1.benchmarking_script --model-size large --context-length 512 --batch-size 1 --mode forward_backward --warmup-steps 5 --measure-steps 10 --precision fp32 --device cuda:1 --campaign assignment_timing_full --output-root data/section1_1 --vram-limit-gb 80.0
finished large_ctx512_forward_backward_fp32: return_code=0
planned large_ctx512_forward_backward_bf16: /home/ethan/github/ece405-assignment4-hpc/.venv/bin/python -m cs336_systems.section1.benchmarking_script --model-size large --context-length 512 --batch-size 1 --mode forward_backward --warmup-steps 5 --measure-steps 10 --precision bf16 --device cuda:1 --campaign assignment_timing_full --output-root data/section1_1 --vram-limit-gb 80.0
finished large_ctx512_forward_backward_bf16: return_code=0
planned large_ctx512_train_step_fp32: /home/ethan/github/ece405-assignment4-hpc/.venv/bin/python -m cs336_systems.section1.benchmarking_script --model-size large --context-length 512 --batch-size 1 --mode train_step --warmup-steps 5 --measure-steps 10 --precision fp32 --device cuda:1 --campaign assignment_timing_full --output-root data/section1_1 --vram-limit-gb 80.0
finished large_ctx512_train_step_fp32: return_code=0
planned large_ctx512_train_step_bf16: /home/ethan/github/ece405-assignment4-hpc/.venv/bin/python -m cs336_systems.section1.benchmarking_script --model-size large --context-length 512 --batch-size 1 --mode train_step --warmup-steps 5 --measure-steps 10 --precision bf16 --device cuda:1 --campaign assignment_timing_full --output-root data/section1_1 --vram-limit-gb 80.0
finished large_ctx512_train_step_bf16: return_code=0
planned large_ctx1024_forward_fp32: /home/ethan/github/ece405-assignment4-hpc/.venv/bin/python -m cs336_systems.section1.benchmarking_script --model-size large --context-length 1024 --batch-size 1 --mode forward --warmup-steps 5 --measure-steps 10 --precision fp32 --device cuda:1 --campaign assignment_timing_full --output-root data/section1_1 --vram-limit-gb 80.0
finished large_ctx1024_forward_fp32: return_code=0
planned large_ctx1024_forward_bf16: /home/ethan/github/ece405-assignment4-hpc/.venv/bin/python -m cs336_systems.section1.benchmarking_script --model-size large --context-length 1024 --batch-size 1 --mode forward --warmup-steps 5 --measure-steps 10 --precision bf16 --device cuda:1 --campaign assignment_timing_full --output-root data/section1_1 --vram-limit-gb 80.0
finished large_ctx1024_forward_bf16: return_code=0
planned large_ctx1024_forward_backward_fp32: /home/ethan/github/ece405-assignment4-hpc/.venv/bin/python -m cs336_systems.section1.benchmarking_script --model-size large --context-length 1024 --batch-size 1 --mode forward_backward --warmup-steps 5 --measure-steps 10 --precision fp32 --device cuda:1 --campaign assignment_timing_full --output-root data/section1_1 --vram-limit-gb 80.0
finished large_ctx1024_forward_backward_fp32: return_code=0
planned large_ctx1024_forward_backward_bf16: /home/ethan/github/ece405-assignment4-hpc/.venv/bin/python -m cs336_systems.section1.benchmarking_script --model-size large --context-length 1024 --batch-size 1 --mode forward_backward --warmup-steps 5 --measure-steps 10 --precision bf16 --device cuda:1 --campaign assignment_timing_full --output-root data/section1_1 --vram-limit-gb 80.0
finished large_ctx1024_forward_backward_bf16: return_code=0
planned large_ctx1024_train_step_fp32: /home/ethan/github/ece405-assignment4-hpc/.venv/bin/python -m cs336_systems.section1.benchmarking_script --model-size large --context-length 1024 --batch-size 1 --mode train_step --warmup-steps 5 --measure-steps 10 --precision fp32 --device cuda:1 --campaign assignment_timing_full --output-root data/section1_1 --vram-limit-gb 80.0
finished large_ctx1024_train_step_fp32: return_code=0
planned large_ctx1024_train_step_bf16: /home/ethan/github/ece405-assignment4-hpc/.venv/bin/python -m cs336_systems.section1.benchmarking_script --model-size large --context-length 1024 --batch-size 1 --mode train_step --warmup-steps 5 --measure-steps 10 --precision bf16 --device cuda:1 --campaign assignment_timing_full --output-root data/section1_1 --vram-limit-gb 80.0
finished large_ctx1024_train_step_bf16: return_code=0
planned xl_ctx128_forward_fp32: /home/ethan/github/ece405-assignment4-hpc/.venv/bin/python -m cs336_systems.section1.benchmarking_script --model-size xl --context-length 128 --batch-size 1 --mode forward --warmup-steps 5 --measure-steps 10 --precision fp32 --device cuda:1 --campaign assignment_timing_full --output-root data/section1_1 --vram-limit-gb 80.0
finished xl_ctx128_forward_fp32: return_code=0
planned xl_ctx128_forward_bf16: /home/ethan/github/ece405-assignment4-hpc/.venv/bin/python -m cs336_systems.section1.benchmarking_script --model-size xl --context-length 128 --batch-size 1 --mode forward --warmup-steps 5 --measure-steps 10 --precision bf16 --device cuda:1 --campaign assignment_timing_full --output-root data/section1_1 --vram-limit-gb 80.0
finished xl_ctx128_forward_bf16: return_code=0
planned xl_ctx128_forward_backward_fp32: /home/ethan/github/ece405-assignment4-hpc/.venv/bin/python -m cs336_systems.section1.benchmarking_script --model-size xl --context-length 128 --batch-size 1 --mode forward_backward --warmup-steps 5 --measure-steps 10 --precision fp32 --device cuda:1 --campaign assignment_timing_full --output-root data/section1_1 --vram-limit-gb 80.0
finished xl_ctx128_forward_backward_fp32: return_code=0
planned xl_ctx128_forward_backward_bf16: /home/ethan/github/ece405-assignment4-hpc/.venv/bin/python -m cs336_systems.section1.benchmarking_script --model-size xl --context-length 128 --batch-size 1 --mode forward_backward --warmup-steps 5 --measure-steps 10 --precision bf16 --device cuda:1 --campaign assignment_timing_full --output-root data/section1_1 --vram-limit-gb 80.0
finished xl_ctx128_forward_backward_bf16: return_code=0
planned xl_ctx128_train_step_fp32: /home/ethan/github/ece405-assignment4-hpc/.venv/bin/python -m cs336_systems.section1.benchmarking_script --model-size xl --context-length 128 --batch-size 1 --mode train_step --warmup-steps 5 --measure-steps 10 --precision fp32 --device cuda:1 --campaign assignment_timing_full --output-root data/section1_1 --vram-limit-gb 80.0
finished xl_ctx128_train_step_fp32: return_code=0
planned xl_ctx128_train_step_bf16: /home/ethan/github/ece405-assignment4-hpc/.venv/bin/python -m cs336_systems.section1.benchmarking_script --model-size xl --context-length 128 --batch-size 1 --mode train_step --warmup-steps 5 --measure-steps 10 --precision bf16 --device cuda:1 --campaign assignment_timing_full --output-root data/section1_1 --vram-limit-gb 80.0
finished xl_ctx128_train_step_bf16: return_code=0
planned xl_ctx256_forward_fp32: /home/ethan/github/ece405-assignment4-hpc/.venv/bin/python -m cs336_systems.section1.benchmarking_script --model-size xl --context-length 256 --batch-size 1 --mode forward --warmup-steps 5 --measure-steps 10 --precision fp32 --device cuda:1 --campaign assignment_timing_full --output-root data/section1_1 --vram-limit-gb 80.0
finished xl_ctx256_forward_fp32: return_code=0
planned xl_ctx256_forward_bf16: /home/ethan/github/ece405-assignment4-hpc/.venv/bin/python -m cs336_systems.section1.benchmarking_script --model-size xl --context-length 256 --batch-size 1 --mode forward --warmup-steps 5 --measure-steps 10 --precision bf16 --device cuda:1 --campaign assignment_timing_full --output-root data/section1_1 --vram-limit-gb 80.0
finished xl_ctx256_forward_bf16: return_code=0
planned xl_ctx256_forward_backward_fp32: /home/ethan/github/ece405-assignment4-hpc/.venv/bin/python -m cs336_systems.section1.benchmarking_script --model-size xl --context-length 256 --batch-size 1 --mode forward_backward --warmup-steps 5 --measure-steps 10 --precision fp32 --device cuda:1 --campaign assignment_timing_full --output-root data/section1_1 --vram-limit-gb 80.0
finished xl_ctx256_forward_backward_fp32: return_code=0
planned xl_ctx256_forward_backward_bf16: /home/ethan/github/ece405-assignment4-hpc/.venv/bin/python -m cs336_systems.section1.benchmarking_script --model-size xl --context-length 256 --batch-size 1 --mode forward_backward --warmup-steps 5 --measure-steps 10 --precision bf16 --device cuda:1 --campaign assignment_timing_full --output-root data/section1_1 --vram-limit-gb 80.0
finished xl_ctx256_forward_backward_bf16: return_code=0
planned xl_ctx256_train_step_fp32: /home/ethan/github/ece405-assignment4-hpc/.venv/bin/python -m cs336_systems.section1.benchmarking_script --model-size xl --context-length 256 --batch-size 1 --mode train_step --warmup-steps 5 --measure-steps 10 --precision fp32 --device cuda:1 --campaign assignment_timing_full --output-root data/section1_1 --vram-limit-gb 80.0
finished xl_ctx256_train_step_fp32: return_code=0
planned xl_ctx256_train_step_bf16: /home/ethan/github/ece405-assignment4-hpc/.venv/bin/python -m cs336_systems.section1.benchmarking_script --model-size xl --context-length 256 --batch-size 1 --mode train_step --warmup-steps 5 --measure-steps 10 --precision bf16 --device cuda:1 --campaign assignment_timing_full --output-root data/section1_1 --vram-limit-gb 80.0
finished xl_ctx256_train_step_bf16: return_code=0
planned xl_ctx512_forward_fp32: /home/ethan/github/ece405-assignment4-hpc/.venv/bin/python -m cs336_systems.section1.benchmarking_script --model-size xl --context-length 512 --batch-size 1 --mode forward --warmup-steps 5 --measure-steps 10 --precision fp32 --device cuda:1 --campaign assignment_timing_full --output-root data/section1_1 --vram-limit-gb 80.0
finished xl_ctx512_forward_fp32: return_code=0
planned xl_ctx512_forward_bf16: /home/ethan/github/ece405-assignment4-hpc/.venv/bin/python -m cs336_systems.section1.benchmarking_script --model-size xl --context-length 512 --batch-size 1 --mode forward --warmup-steps 5 --measure-steps 10 --precision bf16 --device cuda:1 --campaign assignment_timing_full --output-root data/section1_1 --vram-limit-gb 80.0
finished xl_ctx512_forward_bf16: return_code=0
planned xl_ctx512_forward_backward_fp32: /home/ethan/github/ece405-assignment4-hpc/.venv/bin/python -m cs336_systems.section1.benchmarking_script --model-size xl --context-length 512 --batch-size 1 --mode forward_backward --warmup-steps 5 --measure-steps 10 --precision fp32 --device cuda:1 --campaign assignment_timing_full --output-root data/section1_1 --vram-limit-gb 80.0
finished xl_ctx512_forward_backward_fp32: return_code=0
planned xl_ctx512_forward_backward_bf16: /home/ethan/github/ece405-assignment4-hpc/.venv/bin/python -m cs336_systems.section1.benchmarking_script --model-size xl --context-length 512 --batch-size 1 --mode forward_backward --warmup-steps 5 --measure-steps 10 --precision bf16 --device cuda:1 --campaign assignment_timing_full --output-root data/section1_1 --vram-limit-gb 80.0
finished xl_ctx512_forward_backward_bf16: return_code=0
planned xl_ctx512_train_step_fp32: /home/ethan/github/ece405-assignment4-hpc/.venv/bin/python -m cs336_systems.section1.benchmarking_script --model-size xl --context-length 512 --batch-size 1 --mode train_step --warmup-steps 5 --measure-steps 10 --precision fp32 --device cuda:1 --campaign assignment_timing_full --output-root data/section1_1 --vram-limit-gb 80.0
finished xl_ctx512_train_step_fp32: return_code=0
planned xl_ctx512_train_step_bf16: /home/ethan/github/ece405-assignment4-hpc/.venv/bin/python -m cs336_systems.section1.benchmarking_script --model-size xl --context-length 512 --batch-size 1 --mode train_step --warmup-steps 5 --measure-steps 10 --precision bf16 --device cuda:1 --campaign assignment_timing_full --output-root data/section1_1 --vram-limit-gb 80.0
finished xl_ctx512_train_step_bf16: return_code=0
planned xl_ctx1024_forward_fp32: /home/ethan/github/ece405-assignment4-hpc/.venv/bin/python -m cs336_systems.section1.benchmarking_script --model-size xl --context-length 1024 --batch-size 1 --mode forward --warmup-steps 5 --measure-steps 10 --precision fp32 --device cuda:1 --campaign assignment_timing_full --output-root data/section1_1 --vram-limit-gb 80.0
finished xl_ctx1024_forward_fp32: return_code=0
planned xl_ctx1024_forward_bf16: /home/ethan/github/ece405-assignment4-hpc/.venv/bin/python -m cs336_systems.section1.benchmarking_script --model-size xl --context-length 1024 --batch-size 1 --mode forward --warmup-steps 5 --measure-steps 10 --precision bf16 --device cuda:1 --campaign assignment_timing_full --output-root data/section1_1 --vram-limit-gb 80.0
finished xl_ctx1024_forward_bf16: return_code=0
planned xl_ctx1024_forward_backward_fp32: /home/ethan/github/ece405-assignment4-hpc/.venv/bin/python -m cs336_systems.section1.benchmarking_script --model-size xl --context-length 1024 --batch-size 1 --mode forward_backward --warmup-steps 5 --measure-steps 10 --precision fp32 --device cuda:1 --campaign assignment_timing_full --output-root data/section1_1 --vram-limit-gb 80.0
finished xl_ctx1024_forward_backward_fp32: return_code=0
planned xl_ctx1024_forward_backward_bf16: /home/ethan/github/ece405-assignment4-hpc/.venv/bin/python -m cs336_systems.section1.benchmarking_script --model-size xl --context-length 1024 --batch-size 1 --mode forward_backward --warmup-steps 5 --measure-steps 10 --precision bf16 --device cuda:1 --campaign assignment_timing_full --output-root data/section1_1 --vram-limit-gb 80.0
finished xl_ctx1024_forward_backward_bf16: return_code=0
planned xl_ctx1024_train_step_fp32: /home/ethan/github/ece405-assignment4-hpc/.venv/bin/python -m cs336_systems.section1.benchmarking_script --model-size xl --context-length 1024 --batch-size 1 --mode train_step --warmup-steps 5 --measure-steps 10 --precision fp32 --device cuda:1 --campaign assignment_timing_full --output-root data/section1_1 --vram-limit-gb 80.0
finished xl_ctx1024_train_step_fp32: return_code=0
planned xl_ctx1024_train_step_bf16: /home/ethan/github/ece405-assignment4-hpc/.venv/bin/python -m cs336_systems.section1.benchmarking_script --model-size xl --context-length 1024 --batch-size 1 --mode train_step --warmup-steps 5 --measure-steps 10 --precision bf16 --device cuda:1 --campaign assignment_timing_full --output-root data/section1_1 --vram-limit-gb 80.0
finished xl_ctx1024_train_step_bf16: return_code=1
planned 2.7b_ctx128_forward_fp32: /home/ethan/github/ece405-assignment4-hpc/.venv/bin/python -m cs336_systems.section1.benchmarking_script --model-size 2.7b --context-length 128 --batch-size 1 --mode forward --warmup-steps 5 --measure-steps 10 --precision fp32 --device cuda:1 --campaign assignment_timing_full --output-root data/section1_1 --vram-limit-gb 80.0
finished 2.7b_ctx128_forward_fp32: return_code=0
planned 2.7b_ctx128_forward_bf16: /home/ethan/github/ece405-assignment4-hpc/.venv/bin/python -m cs336_systems.section1.benchmarking_script --model-size 2.7b --context-length 128 --batch-size 1 --mode forward --warmup-steps 5 --measure-steps 10 --precision bf16 --device cuda:1 --campaign assignment_timing_full --output-root data/section1_1 --vram-limit-gb 80.0
finished 2.7b_ctx128_forward_bf16: return_code=0
planned 2.7b_ctx128_forward_backward_fp32: /home/ethan/github/ece405-assignment4-hpc/.venv/bin/python -m cs336_systems.section1.benchmarking_script --model-size 2.7b --context-length 128 --batch-size 1 --mode forward_backward --warmup-steps 5 --measure-steps 10 --precision fp32 --device cuda:1 --campaign assignment_timing_full --output-root data/section1_1 --vram-limit-gb 80.0
finished 2.7b_ctx128_forward_backward_fp32: return_code=0
planned 2.7b_ctx128_forward_backward_bf16: /home/ethan/github/ece405-assignment4-hpc/.venv/bin/python -m cs336_systems.section1.benchmarking_script --model-size 2.7b --context-length 128 --batch-size 1 --mode forward_backward --warmup-steps 5 --measure-steps 10 --precision bf16 --device cuda:1 --campaign assignment_timing_full --output-root data/section1_1 --vram-limit-gb 80.0
finished 2.7b_ctx128_forward_backward_bf16: return_code=0
planned 2.7b_ctx128_train_step_fp32: /home/ethan/github/ece405-assignment4-hpc/.venv/bin/python -m cs336_systems.section1.benchmarking_script --model-size 2.7b --context-length 128 --batch-size 1 --mode train_step --warmup-steps 5 --measure-steps 10 --precision fp32 --device cuda:1 --campaign assignment_timing_full --output-root data/section1_1 --vram-limit-gb 80.0
finished 2.7b_ctx128_train_step_fp32: return_code=1
planned 2.7b_ctx128_train_step_bf16: /home/ethan/github/ece405-assignment4-hpc/.venv/bin/python -m cs336_systems.section1.benchmarking_script --model-size 2.7b --context-length 128 --batch-size 1 --mode train_step --warmup-steps 5 --measure-steps 10 --precision bf16 --device cuda:1 --campaign assignment_timing_full --output-root data/section1_1 --vram-limit-gb 80.0
finished 2.7b_ctx128_train_step_bf16: return_code=0
planned 2.7b_ctx256_forward_fp32: /home/ethan/github/ece405-assignment4-hpc/.venv/bin/python -m cs336_systems.section1.benchmarking_script --model-size 2.7b --context-length 256 --batch-size 1 --mode forward --warmup-steps 5 --measure-steps 10 --precision fp32 --device cuda:1 --campaign assignment_timing_full --output-root data/section1_1 --vram-limit-gb 80.0
finished 2.7b_ctx256_forward_fp32: return_code=0
planned 2.7b_ctx256_forward_bf16: /home/ethan/github/ece405-assignment4-hpc/.venv/bin/python -m cs336_systems.section1.benchmarking_script --model-size 2.7b --context-length 256 --batch-size 1 --mode forward --warmup-steps 5 --measure-steps 10 --precision bf16 --device cuda:1 --campaign assignment_timing_full --output-root data/section1_1 --vram-limit-gb 80.0
finished 2.7b_ctx256_forward_bf16: return_code=0
planned 2.7b_ctx256_forward_backward_fp32: /home/ethan/github/ece405-assignment4-hpc/.venv/bin/python -m cs336_systems.section1.benchmarking_script --model-size 2.7b --context-length 256 --batch-size 1 --mode forward_backward --warmup-steps 5 --measure-steps 10 --precision fp32 --device cuda:1 --campaign assignment_timing_full --output-root data/section1_1 --vram-limit-gb 80.0
finished 2.7b_ctx256_forward_backward_fp32: return_code=0
planned 2.7b_ctx256_forward_backward_bf16: /home/ethan/github/ece405-assignment4-hpc/.venv/bin/python -m cs336_systems.section1.benchmarking_script --model-size 2.7b --context-length 256 --batch-size 1 --mode forward_backward --warmup-steps 5 --measure-steps 10 --precision bf16 --device cuda:1 --campaign assignment_timing_full --output-root data/section1_1 --vram-limit-gb 80.0
finished 2.7b_ctx256_forward_backward_bf16: return_code=0
planned 2.7b_ctx256_train_step_fp32: /home/ethan/github/ece405-assignment4-hpc/.venv/bin/python -m cs336_systems.section1.benchmarking_script --model-size 2.7b --context-length 256 --batch-size 1 --mode train_step --warmup-steps 5 --measure-steps 10 --precision fp32 --device cuda:1 --campaign assignment_timing_full --output-root data/section1_1 --vram-limit-gb 80.0
finished 2.7b_ctx256_train_step_fp32: return_code=0
planned 2.7b_ctx256_train_step_bf16: /home/ethan/github/ece405-assignment4-hpc/.venv/bin/python -m cs336_systems.section1.benchmarking_script --model-size 2.7b --context-length 256 --batch-size 1 --mode train_step --warmup-steps 5 --measure-steps 10 --precision bf16 --device cuda:1 --campaign assignment_timing_full --output-root data/section1_1 --vram-limit-gb 80.0
finished 2.7b_ctx256_train_step_bf16: return_code=0
planned 2.7b_ctx512_forward_fp32: /home/ethan/github/ece405-assignment4-hpc/.venv/bin/python -m cs336_systems.section1.benchmarking_script --model-size 2.7b --context-length 512 --batch-size 1 --mode forward --warmup-steps 5 --measure-steps 10 --precision fp32 --device cuda:1 --campaign assignment_timing_full --output-root data/section1_1 --vram-limit-gb 80.0
finished 2.7b_ctx512_forward_fp32: return_code=0
planned 2.7b_ctx512_forward_bf16: /home/ethan/github/ece405-assignment4-hpc/.venv/bin/python -m cs336_systems.section1.benchmarking_script --model-size 2.7b --context-length 512 --batch-size 1 --mode forward --warmup-steps 5 --measure-steps 10 --precision bf16 --device cuda:1 --campaign assignment_timing_full --output-root data/section1_1 --vram-limit-gb 80.0
finished 2.7b_ctx512_forward_bf16: return_code=0
planned 2.7b_ctx512_forward_backward_fp32: /home/ethan/github/ece405-assignment4-hpc/.venv/bin/python -m cs336_systems.section1.benchmarking_script --model-size 2.7b --context-length 512 --batch-size 1 --mode forward_backward --warmup-steps 5 --measure-steps 10 --precision fp32 --device cuda:1 --campaign assignment_timing_full --output-root data/section1_1 --vram-limit-gb 80.0
finished 2.7b_ctx512_forward_backward_fp32: return_code=0
planned 2.7b_ctx512_forward_backward_bf16: /home/ethan/github/ece405-assignment4-hpc/.venv/bin/python -m cs336_systems.section1.benchmarking_script --model-size 2.7b --context-length 512 --batch-size 1 --mode forward_backward --warmup-steps 5 --measure-steps 10 --precision bf16 --device cuda:1 --campaign assignment_timing_full --output-root data/section1_1 --vram-limit-gb 80.0
finished 2.7b_ctx512_forward_backward_bf16: return_code=0
planned 2.7b_ctx512_train_step_fp32: /home/ethan/github/ece405-assignment4-hpc/.venv/bin/python -m cs336_systems.section1.benchmarking_script --model-size 2.7b --context-length 512 --batch-size 1 --mode train_step --warmup-steps 5 --measure-steps 10 --precision fp32 --device cuda:1 --campaign assignment_timing_full --output-root data/section1_1 --vram-limit-gb 80.0
finished 2.7b_ctx512_train_step_fp32: return_code=0
planned 2.7b_ctx512_train_step_bf16: /home/ethan/github/ece405-assignment4-hpc/.venv/bin/python -m cs336_systems.section1.benchmarking_script --model-size 2.7b --context-length 512 --batch-size 1 --mode train_step --warmup-steps 5 --measure-steps 10 --precision bf16 --device cuda:1 --campaign assignment_timing_full --output-root data/section1_1 --vram-limit-gb 80.0
finished 2.7b_ctx512_train_step_bf16: return_code=0
planned 2.7b_ctx1024_forward_fp32: /home/ethan/github/ece405-assignment4-hpc/.venv/bin/python -m cs336_systems.section1.benchmarking_script --model-size 2.7b --context-length 1024 --batch-size 1 --mode forward --warmup-steps 5 --measure-steps 10 --precision fp32 --device cuda:1 --campaign assignment_timing_full --output-root data/section1_1 --vram-limit-gb 80.0
finished 2.7b_ctx1024_forward_fp32: return_code=0
planned 2.7b_ctx1024_forward_bf16: /home/ethan/github/ece405-assignment4-hpc/.venv/bin/python -m cs336_systems.section1.benchmarking_script --model-size 2.7b --context-length 1024 --batch-size 1 --mode forward --warmup-steps 5 --measure-steps 10 --precision bf16 --device cuda:1 --campaign assignment_timing_full --output-root data/section1_1 --vram-limit-gb 80.0
finished 2.7b_ctx1024_forward_bf16: return_code=0
planned 2.7b_ctx1024_forward_backward_fp32: /home/ethan/github/ece405-assignment4-hpc/.venv/bin/python -m cs336_systems.section1.benchmarking_script --model-size 2.7b --context-length 1024 --batch-size 1 --mode forward_backward --warmup-steps 5 --measure-steps 10 --precision fp32 --device cuda:1 --campaign assignment_timing_full --output-root data/section1_1 --vram-limit-gb 80.0
finished 2.7b_ctx1024_forward_backward_fp32: return_code=0
planned 2.7b_ctx1024_forward_backward_bf16: /home/ethan/github/ece405-assignment4-hpc/.venv/bin/python -m cs336_systems.section1.benchmarking_script --model-size 2.7b --context-length 1024 --batch-size 1 --mode forward_backward --warmup-steps 5 --measure-steps 10 --precision bf16 --device cuda:1 --campaign assignment_timing_full --output-root data/section1_1 --vram-limit-gb 80.0
finished 2.7b_ctx1024_forward_backward_bf16: return_code=0
planned 2.7b_ctx1024_train_step_fp32: /home/ethan/github/ece405-assignment4-hpc/.venv/bin/python -m cs336_systems.section1.benchmarking_script --model-size 2.7b --context-length 1024 --batch-size 1 --mode train_step --warmup-steps 5 --measure-steps 10 --precision fp32 --device cuda:1 --campaign assignment_timing_full --output-root data/section1_1 --vram-limit-gb 80.0
finished 2.7b_ctx1024_train_step_fp32: return_code=1
planned 2.7b_ctx1024_train_step_bf16: /home/ethan/github/ece405-assignment4-hpc/.venv/bin/python -m cs336_systems.section1.benchmarking_script --model-size 2.7b --context-length 1024 --batch-size 1 --mode train_step --warmup-steps 5 --measure-steps 10 --precision bf16 --device cuda:1 --campaign assignment_timing_full --output-root data/section1_1 --vram-limit-gb 80.0
finished 2.7b_ctx1024_train_step_bf16: return_code=0
