{
  "config": {
    "model_size": "small",
    "context_length": 512,
    "batch_size": 1,
    "mode": "train_step",
    "warmup_steps": 5,
    "measure_steps": 10,
    "precision": "bf16",
    "device": "cuda:1",
    "seed": 0,
    "vram_limit_gb": 80.0,
    "profile_memory": false,
    "annotate_attention": false,
    "campaign": "assignment_timing_full",
    "output_root": "data/section1_1"
  },
  "model_spec": {
    "name": "small",
    "d_model": 768,
    "d_ff": 3072,
    "num_layers": 12,
    "num_heads": 12
  },
  "timings_seconds": [
    0.04605650599114597,
    0.05038057500496507,
    0.046012534003239125,
    0.05047695498797111,
    0.045718251989455894,
    0.05014034398482181,
    0.04602648998843506,
    0.049929968983633444,
    0.04546507602208294,
    0.0510837729962077
  ],
  "mean_seconds": 0.048129047395195815,
  "stdev_seconds": 0.0024199532819604666,
  "peak_reserved_bytes": 2961178624,
  "peak_reserved_gb": 2.7578125,
  "peak_device_used_bytes": 2961178624,
  "peak_device_used_gb": 2.7578125,
  "snapshot_path": null,
  "parameter_count": 128625408,
  "loss": 0.28018397092819214
}
