{
  "config": {
    "model_size": "small",
    "context_length": 512,
    "batch_size": 1,
    "mode": "train_step",
    "warmup_steps": 5,
    "measure_steps": 10,
    "precision": "fp32",
    "device": "cuda:1",
    "seed": 0,
    "vram_limit_gb": 80.0,
    "profile_memory": false,
    "annotate_attention": false,
    "campaign": "assignment_timing_full",
    "output_root": "data/section1_1"
  },
  "model_spec": {
    "name": "small",
    "d_model": 768,
    "d_ff": 3072,
    "num_layers": 12,
    "num_heads": 12
  },
  "timings_seconds": [
    0.06294887300464325,
    0.05669502602540888,
    0.06210283699329011,
    0.05699154199101031,
    0.06308575900038704,
    0.05652138000004925,
    0.0630987539771013,
    0.055393404996721074,
    0.06409046301268972,
    0.053906756977085024
  ],
  "mean_seconds": 0.0594834795978386,
  "stdev_seconds": 0.0038977017781964135,
  "peak_reserved_bytes": 2801795072,
  "peak_reserved_gb": 2.609375,
  "peak_device_used_bytes": 2801795072,
  "peak_device_used_gb": 2.609375,
  "snapshot_path": null,
  "parameter_count": 128625408,
  "loss": 0.28377801179885864
}
