{
  "config": {
    "model_size": "small",
    "context_length": 128,
    "batch_size": 1,
    "mode": "forward",
    "warmup_steps": 5,
    "measure_steps": 10,
    "precision": "fp32",
    "device": "cuda:1",
    "seed": 0,
    "vram_limit_gb": 80.0,
    "profile_memory": false,
    "annotate_attention": false,
    "campaign": "assignment_timing_full",
    "output_root": "data/section1_1"
  },
  "model_spec": {
    "name": "small",
    "d_model": 768,
    "d_ff": 3072,
    "num_layers": 12,
    "num_heads": 12
  },
  "timings_seconds": [
    0.013625710998894647,
    0.0137343350215815,
    0.012940326007083058,
    0.013059018005151302,
    0.012213583017000929,
    0.013148295984137803,
    0.013502481015166268,
    0.013030344009166583,
    0.012968137976713479,
    0.013037868979154155
  ],
  "mean_seconds": 0.013126010101404972,
  "stdev_seconds": 0.0004314473547808187,
  "peak_reserved_bytes": 593494016,
  "peak_reserved_gb": 0.552734375,
  "peak_device_used_bytes": 593494016,
  "peak_device_used_gb": 0.552734375,
  "snapshot_path": null,
  "parameter_count": 128625408,
  "loss": null
}
