{
  "config": {
    "model_size": "small",
    "context_length": 1024,
    "batch_size": 1,
    "mode": "forward_backward",
    "warmup_steps": 5,
    "measure_steps": 10,
    "precision": "bf16",
    "device": "cuda:1",
    "seed": 0,
    "vram_limit_gb": 80.0,
    "profile_memory": false,
    "annotate_attention": false,
    "campaign": "assignment_timing_full",
    "output_root": "data/section1_1"
  },
  "model_spec": {
    "name": "small",
    "d_model": 768,
    "d_ff": 3072,
    "num_layers": 12,
    "num_heads": 12
  },
  "timings_seconds": [
    0.049380278011085466,
    0.05287475200020708,
    0.049372284003766254,
    0.05412787100067362,
    0.049980103998677805,
    0.05365804999019019,
    0.049183630006155,
    0.054308569990098476,
    0.04837106601917185,
    0.05382161700981669
  ],
  "mean_seconds": 0.05150782220298424,
  "stdev_seconds": 0.002431653900123898,
  "peak_reserved_bytes": 2858418176,
  "peak_reserved_gb": 2.662109375,
  "peak_device_used_bytes": 2858418176,
  "peak_device_used_gb": 2.662109375,
  "snapshot_path": null,
  "parameter_count": 128625408,
  "loss": 9.295068740844727
}
