{
  "config": {
    "model_size": "small",
    "context_length": 1024,
    "batch_size": 1,
    "mode": "forward_backward",
    "warmup_steps": 5,
    "measure_steps": 10,
    "precision": "fp32",
    "device": "cuda:1",
    "seed": 0,
    "vram_limit_gb": 80.0,
    "profile_memory": false,
    "annotate_attention": false,
    "campaign": "assignment_timing_full",
    "output_root": "data/section1_1"
  },
  "model_spec": {
    "name": "small",
    "d_model": 768,
    "d_ff": 3072,
    "num_layers": 12,
    "num_heads": 12
  },
  "timings_seconds": [
    0.07796190501539968,
    0.08677906898083165,
    0.07482741700368933,
    0.08153140899958089,
    0.08336930500809103,
    0.07879878501989879,
    0.08608329499838874,
    0.07406537898350507,
    0.08167982700979337,
    0.08191027998691425
  ],
  "mean_seconds": 0.08070066710060927,
  "stdev_seconds": 0.004292026440015541,
  "peak_reserved_bytes": 3323985920,
  "peak_reserved_gb": 3.095703125,
  "peak_device_used_bytes": 3323985920,
  "peak_device_used_gb": 3.095703125,
  "snapshot_path": null,
  "parameter_count": 128625408,
  "loss": 9.295097351074219
}
