{
  "config": {
    "model_size": "small",
    "context_length": 512,
    "batch_size": 1,
    "mode": "forward",
    "warmup_steps": 5,
    "measure_steps": 10,
    "precision": "bf16",
    "device": "cuda:1",
    "seed": 0,
    "vram_limit_gb": 80.0,
    "profile_memory": false,
    "annotate_attention": false,
    "campaign": "assignment_timing_full",
    "output_root": "data/section1_1"
  },
  "model_spec": {
    "name": "small",
    "d_model": 768,
    "d_ff": 3072,
    "num_layers": 12,
    "num_heads": 12
  },
  "timings_seconds": [
    0.013716410991037264,
    0.015014935983344913,
    0.01371744301286526,
    0.013873986987164244,
    0.017424914985895157,
    0.015852256008656695,
    0.015172882005572319,
    0.01439995301188901,
    0.01475613098591566,
    0.014044126000953838
  ],
  "mean_seconds": 0.014797303997329436,
  "stdev_seconds": 0.0011604352454455688,
  "peak_reserved_bytes": 851443712,
  "peak_reserved_gb": 0.79296875,
  "peak_device_used_bytes": 851443712,
  "peak_device_used_gb": 0.79296875,
  "snapshot_path": null,
  "parameter_count": 128625408,
  "loss": null
}
