{
  "config": {
    "model_size": "small",
    "context_length": 128,
    "batch_size": 1,
    "mode": "train_step",
    "warmup_steps": 5,
    "measure_steps": 10,
    "precision": "bf16",
    "device": "cuda:1",
    "seed": 0,
    "vram_limit_gb": 80.0,
    "profile_memory": false,
    "annotate_attention": false,
    "campaign": "assignment_timing_full",
    "output_root": "data/section1_1"
  },
  "model_spec": {
    "name": "small",
    "d_model": 768,
    "d_ff": 3072,
    "num_layers": 12,
    "num_heads": 12
  },
  "timings_seconds": [
    0.051127565006027,
    0.05057471801410429,
    0.04492014498100616,
    0.046883316012099385,
    0.04735610299394466,
    0.041379675996722654,
    0.04272778402082622,
    0.04600390698760748,
    0.04108607501257211,
    0.04739793098997325
  ],
  "mean_seconds": 0.04594572200148832,
  "stdev_seconds": 0.0034822012923949033,
  "peak_reserved_bytes": 2845835264,
  "peak_reserved_gb": 2.650390625,
  "peak_device_used_bytes": 2845835264,
  "peak_device_used_gb": 2.650390625,
  "snapshot_path": null,
  "parameter_count": 128625408,
  "loss": 0.0763368085026741
}
