{
  "config": {
    "model_size": "small",
    "context_length": 256,
    "batch_size": 1,
    "mode": "train_step",
    "warmup_steps": 5,
    "measure_steps": 10,
    "precision": "bf16",
    "device": "cuda:1",
    "seed": 0,
    "vram_limit_gb": 80.0,
    "profile_memory": false,
    "annotate_attention": false,
    "campaign": "assignment_timing_full",
    "output_root": "data/section1_1"
  },
  "model_spec": {
    "name": "small",
    "d_model": 768,
    "d_ff": 3072,
    "num_layers": 12,
    "num_heads": 12
  },
  "timings_seconds": [
    0.04836530500324443,
    0.04371483501745388,
    0.04813451299560256,
    0.04304774300544523,
    0.04762398501043208,
    0.042372297000838444,
    0.048029375000623986,
    0.043340181990060955,
    0.047901946993079036,
    0.0430259529966861
  ],
  "mean_seconds": 0.04555561350134667,
  "stdev_seconds": 0.002615482307127196,
  "peak_reserved_bytes": 2850029568,
  "peak_reserved_gb": 2.654296875,
  "peak_device_used_bytes": 2850029568,
  "peak_device_used_gb": 2.654296875,
  "snapshot_path": null,
  "parameter_count": 128625408,
  "loss": 0.08198930323123932
}
