{
  "config": {
    "model_size": "small",
    "context_length": 256,
    "batch_size": 1,
    "mode": "train_step",
    "warmup_steps": 5,
    "measure_steps": 10,
    "precision": "fp32",
    "device": "cuda:1",
    "seed": 0,
    "vram_limit_gb": 80.0,
    "profile_memory": false,
    "annotate_attention": false,
    "campaign": "assignment_timing_full",
    "output_root": "data/section1_1"
  },
  "model_spec": {
    "name": "small",
    "d_model": 768,
    "d_ff": 3072,
    "num_layers": 12,
    "num_heads": 12
  },
  "timings_seconds": [
    0.04727812702185474,
    0.052579718991182745,
    0.046431509021203965,
    0.052919164998456836,
    0.04725225898437202,
    0.05204499501269311,
    0.04701129699242301,
    0.05205068597570062,
    0.04680176399415359,
    0.05191464099334553
  ],
  "mean_seconds": 0.04962841619853862,
  "stdev_seconds": 0.002842197059657584,
  "peak_reserved_bytes": 2669674496,
  "peak_reserved_gb": 2.486328125,
  "peak_device_used_bytes": 2669674496,
  "peak_device_used_gb": 2.486328125,
  "snapshot_path": null,
  "parameter_count": 128625408,
  "loss": 0.10834269225597382
}
