{
  "config": {
    "model_size": "small",
    "context_length": 128,
    "batch_size": 1,
    "mode": "train_step",
    "warmup_steps": 5,
    "measure_steps": 10,
    "precision": "fp32",
    "device": "cuda:1",
    "seed": 0,
    "vram_limit_gb": 80.0,
    "profile_memory": false,
    "annotate_attention": false,
    "campaign": "assignment_timing_full",
    "output_root": "data/section1_1"
  },
  "model_spec": {
    "name": "small",
    "d_model": 768,
    "d_ff": 3072,
    "num_layers": 12,
    "num_heads": 12
  },
  "timings_seconds": [
    0.044081422995077446,
    0.04781672600074671,
    0.04964765001204796,
    0.04210500599583611,
    0.042296014027670026,
    0.04819496601703577,
    0.04367270600050688,
    0.04819286201382056,
    0.04234814198571257,
    0.04818135098321363
  ],
  "mean_seconds": 0.045653684603166766,
  "stdev_seconds": 0.0030021308097011256,
  "peak_reserved_bytes": 2581594112,
  "peak_reserved_gb": 2.404296875,
  "peak_device_used_bytes": 2581594112,
  "peak_device_used_gb": 2.404296875,
  "snapshot_path": null,
  "parameter_count": 128625408,
  "loss": 0.0762464702129364
}
