{
  "config": {
    "model_size": "small",
    "context_length": 256,
    "batch_size": 1,
    "mode": "forward",
    "warmup_steps": 5,
    "measure_steps": 10,
    "precision": "fp32",
    "device": "cuda:1",
    "seed": 0,
    "vram_limit_gb": 80.0,
    "profile_memory": false,
    "annotate_attention": false,
    "campaign": "assignment_timing_full",
    "output_root": "data/section1_1"
  },
  "model_spec": {
    "name": "small",
    "d_model": 768,
    "d_ff": 3072,
    "num_layers": 12,
    "num_heads": 12
  },
  "timings_seconds": [
    0.013747989985859022,
    0.01923652199911885,
    0.014908156008459628,
    0.012526620994322002,
    0.013222193985711783,
    0.013051715010078624,
    0.012054134014761075,
    0.013680644013220444,
    0.01245271199150011,
    0.012417085003107786
  ],
  "mean_seconds": 0.013729777300613932,
  "stdev_seconds": 0.002109301912358969,
  "peak_reserved_bytes": 616562688,
  "peak_reserved_gb": 0.57421875,
  "peak_device_used_bytes": 616562688,
  "peak_device_used_gb": 0.57421875,
  "snapshot_path": null,
  "parameter_count": 128625408,
  "loss": null
}
