{
  "config": {
    "model_size": "small",
    "context_length": 256,
    "batch_size": 1,
    "mode": "forward",
    "warmup_steps": 5,
    "measure_steps": 10,
    "precision": "bf16",
    "device": "cuda:1",
    "seed": 0,
    "vram_limit_gb": 80.0,
    "profile_memory": false,
    "annotate_attention": false,
    "campaign": "assignment_timing_full",
    "output_root": "data/section1_1"
  },
  "model_spec": {
    "name": "small",
    "d_model": 768,
    "d_ff": 3072,
    "num_layers": 12,
    "num_heads": 12
  },
  "timings_seconds": [
    0.01465509200352244,
    0.01615275998483412,
    0.016494570998474956,
    0.015101419005077332,
    0.013651279004989192,
    0.015515945997321978,
    0.013682417978998274,
    0.013466080999933183,
    0.01524282299214974,
    0.013352489011595026
  ],
  "mean_seconds": 0.014731487797689624,
  "stdev_seconds": 0.0011507626120025665,
  "peak_reserved_bytes": 819986432,
  "peak_reserved_gb": 0.763671875,
  "peak_device_used_bytes": 819986432,
  "peak_device_used_gb": 0.763671875,
  "snapshot_path": null,
  "parameter_count": 128625408,
  "loss": null
}
