{
  "config": {
    "model_size": "small",
    "context_length": 512,
    "batch_size": 1,
    "mode": "forward",
    "warmup_steps": 5,
    "measure_steps": 10,
    "precision": "fp32",
    "device": "cuda:1",
    "seed": 0,
    "vram_limit_gb": 80.0,
    "profile_memory": false,
    "annotate_attention": false,
    "campaign": "assignment_timing_full",
    "output_root": "data/section1_1"
  },
  "model_spec": {
    "name": "small",
    "d_model": 768,
    "d_ff": 3072,
    "num_layers": 12,
    "num_heads": 12
  },
  "timings_seconds": [
    0.01829797198297456,
    0.013065029983408749,
    0.018759448023047298,
    0.017503371986094862,
    0.017622536019189283,
    0.014392117998795584,
    0.01780344601138495,
    0.017425175989046693,
    0.017034473014064133,
    0.017546001996379346
  ],
  "mean_seconds": 0.016944957300438546,
  "stdev_seconds": 0.0017889062557115162,
  "peak_reserved_bytes": 662700032,
  "peak_reserved_gb": 0.6171875,
  "peak_device_used_bytes": 662700032,
  "peak_device_used_gb": 0.6171875,
  "snapshot_path": null,
  "parameter_count": 128625408,
  "loss": null
}
