{
  "config": {
    "model_size": "xl",
    "context_length": 256,
    "batch_size": 1,
    "mode": "train_step",
    "warmup_steps": 5,
    "measure_steps": 10,
    "precision": "bf16",
    "device": "cuda:1",
    "seed": 0,
    "vram_limit_gb": 80.0,
    "profile_memory": false,
    "annotate_attention": false,
    "campaign": "assignment_timing_full",
    "output_root": "data/section1_1"
  },
  "model_spec": {
    "name": "xl",
    "d_model": 1600,
    "d_ff": 6400,
    "num_layers": 48,
    "num_heads": 25
  },
  "timings_seconds": [
    0.49794376199133694,
    0.5016740669962019,
    0.4994216829945799,
    0.5874907019897364,
    0.4954872860107571,
    0.501914578024298,
    0.5068405150086619,
    0.5067856319947168,
    0.49773641300271265,
    0.5002647340006661
  ],
  "mean_seconds": 0.5095559372013667,
  "stdev_seconds": 0.027630277668214506,
  "peak_reserved_bytes": 38732300288,
  "peak_reserved_gb": 36.072265625,
  "peak_device_used_bytes": 38732300288,
  "peak_device_used_gb": 36.072265625,
  "snapshot_path": null,
  "parameter_count": 1998235200,
  "loss": 5.91739559173584
}
