{
  "config": {
    "model_size": "xl",
    "context_length": 256,
    "batch_size": 1,
    "mode": "forward_backward",
    "warmup_steps": 5,
    "measure_steps": 10,
    "precision": "fp32",
    "device": "cuda:1",
    "seed": 0,
    "vram_limit_gb": 80.0,
    "profile_memory": false,
    "annotate_attention": false,
    "campaign": "assignment_timing_full",
    "output_root": "data/section1_1"
  },
  "model_spec": {
    "name": "xl",
    "d_model": 1600,
    "d_ff": 6400,
    "num_layers": 48,
    "num_heads": 25
  },
  "timings_seconds": [
    0.4087791189958807,
    0.399779942992609,
    0.41284269897732884,
    0.39808808101224713,
    0.4087250479788054,
    0.40715436200844124,
    0.41028064501006156,
    0.4015797790198121,
    0.4053546170180198,
    0.40796474198577926
  ],
  "mean_seconds": 0.4060549034998985,
  "stdev_seconds": 0.004792365486454526,
  "peak_reserved_bytes": 17687379968,
  "peak_reserved_gb": 16.47265625,
  "peak_device_used_bytes": 17687379968,
  "peak_device_used_gb": 16.47265625,
  "snapshot_path": null,
  "parameter_count": 1998235200,
  "loss": 9.292694091796875
}
