{
  "config": {
    "model_size": "xl",
    "context_length": 1024,
    "batch_size": 1,
    "mode": "forward_backward",
    "warmup_steps": 5,
    "measure_steps": 10,
    "precision": "bf16",
    "device": "cuda:1",
    "seed": 0,
    "vram_limit_gb": 80.0,
    "profile_memory": false,
    "annotate_attention": false,
    "campaign": "assignment_timing_full",
    "output_root": "data/section1_1"
  },
  "model_spec": {
    "name": "xl",
    "d_model": 1600,
    "d_ff": 6400,
    "num_layers": 48,
    "num_heads": 25
  },
  "timings_seconds": [
    0.6010879699897487,
    0.6321310219937004,
    0.6761668389954139,
    0.7861287010018714,
    0.891879375994904,
    0.9661934110044967,
    1.0745277809910476,
    0.8652289300225675,
    0.8404404370230623,
    0.8299638809985481
  ],
  "mean_seconds": 0.816374834801536,
  "stdev_seconds": 0.1486260596880557,
  "peak_reserved_bytes": 26885488640,
  "peak_reserved_gb": 25.0390625,
  "peak_device_used_bytes": 26885488640,
  "peak_device_used_gb": 25.0390625,
  "snapshot_path": null,
  "parameter_count": 1998235200,
  "loss": 9.337823867797852
}
