{
  "config": {
    "model_size": "xl",
    "context_length": 512,
    "batch_size": 1,
    "mode": "forward",
    "warmup_steps": 5,
    "measure_steps": 10,
    "precision": "fp32",
    "device": "cuda:1",
    "seed": 0,
    "vram_limit_gb": 80.0,
    "profile_memory": false,
    "annotate_attention": false,
    "campaign": "assignment_timing_full",
    "output_root": "data/section1_1"
  },
  "model_spec": {
    "name": "xl",
    "d_model": 1600,
    "d_ff": 6400,
    "num_layers": 48,
    "num_heads": 25
  },
  "timings_seconds": [
    0.21040091701433994,
    0.22162614701665007,
    0.22186763997888193,
    0.22160319398972206,
    0.22132918902207166,
    0.22184824297437444,
    0.21919819398317486,
    0.21256761997938156,
    0.21320481499424204,
    0.21291027197730727
  ],
  "mean_seconds": 0.2176556230930146,
  "stdev_seconds": 0.0047538139241752216,
  "peak_reserved_bytes": 8336179200,
  "peak_reserved_gb": 7.763671875,
  "peak_device_used_bytes": 8336179200,
  "peak_device_used_gb": 7.763671875,
  "snapshot_path": null,
  "parameter_count": 1998235200,
  "loss": null
}
