{
  "config": {
    "model_size": "xl",
    "context_length": 128,
    "batch_size": 1,
    "mode": "forward",
    "warmup_steps": 5,
    "measure_steps": 10,
    "precision": "fp32",
    "device": "cuda:1",
    "seed": 0,
    "vram_limit_gb": 80.0,
    "profile_memory": false,
    "annotate_attention": false,
    "campaign": "assignment_timing_full",
    "output_root": "data/section1_1"
  },
  "model_spec": {
    "name": "xl",
    "d_model": 1600,
    "d_ff": 6400,
    "num_layers": 48,
    "num_heads": 25
  },
  "timings_seconds": [
    0.08708570501767099,
    0.08773832800216042,
    0.09024925701669417,
    0.09535048299585469,
    0.08151317501324229,
    0.08563286002026871,
    0.09606218698900193,
    0.08947915298631415,
    0.087280028994428,
    0.08354013599455357
  ],
  "mean_seconds": 0.08839313130301889,
  "stdev_seconds": 0.004639508961391527,
  "peak_reserved_bytes": 8212447232,
  "peak_reserved_gb": 7.6484375,
  "peak_device_used_bytes": 8212447232,
  "peak_device_used_gb": 7.6484375,
  "snapshot_path": null,
  "parameter_count": 1998235200,
  "loss": null
}
