WARNING: CPU context switch tracing not supported, disabling.
Try the 'nsys status --environment' command to learn more.

Traceback (most recent call last):
  File "<frozen runpy>", line 198, in _run_module_as_main
  File "<frozen runpy>", line 88, in _run_code
  File "/home/ethan/github/ece405-assignment4-hpc/cs336_systems/section1/benchmarking_script.py", line 390, in <module>
    main()
  File "/home/ethan/github/ece405-assignment4-hpc/cs336_systems/section1/benchmarking_script.py", line 385, in main
    result = run_benchmark(config)
             ^^^^^^^^^^^^^^^^^^^^^
  File "/home/ethan/github/ece405-assignment4-hpc/cs336_systems/section1/benchmarking_script.py", line 302, in run_benchmark
    run_model_step(model, optimizer, inputs, targets, config)
  File "/home/ethan/github/ece405-assignment4-hpc/cs336_systems/section1/benchmarking_script.py", line 228, in run_model_step
    maybe_raise_for_vram_limit(device, config.vram_limit_gb)
  File "/home/ethan/github/ece405-assignment4-hpc/cs336_systems/section1/benchmarking_script.py", line 181, in maybe_raise_for_vram_limit
    raise RuntimeError(
RuntimeError: VRAM guard exceeded on cuda:1: total_used=54.67 GB, limit=50.00 GB
Importer error status: The importer binary and its dependencies were not found.
Unable to retrieve the importer version: skipping importation of the QDSTRM file.
Generating '/tmp/nsys-report-ed8c.qdstrm'
Generated:
    /home/ethan/github/ece405-assignment4-hpc/data/section1_1/assignment_nsys_full/2.7b_ctx256_train_step_fp32/profile.qdstrm
