WARNING: CPU context switch tracing not supported, disabling.
Try the 'nsys status --environment' command to learn more.

{
  "config": {
    "model_size": "2.7b",
    "context_length": 1024,
    "batch_size": 1,
    "mode": "forward_backward",
    "warmup_steps": 5,
    "measure_steps": 1,
    "precision": "fp32",
    "device": "cuda:1",
    "seed": 0,
    "vram_limit_gb": 50.0,
    "profile_memory": false,
    "annotate_attention": true,
    "campaign": "assignment_nsys_full",
    "output_root": "data/section1_1"
  },
  "model_spec": {
    "name": "2.7b",
    "d_model": 2560,
    "d_ff": 10240,
    "num_layers": 32,
    "num_heads": 32
  },
  "timings_seconds": [
    1.8728869369952008
  ],
  "mean_seconds": 1.8728869369952008,
  "stdev_seconds": 0.0,
  "peak_reserved_bytes": 34156314624,
  "peak_reserved_gb": 31.810546875,
  "peak_device_used_bytes": 34156314624,
  "peak_device_used_gb": 31.810546875,
  "snapshot_path": null,
  "parameter_count": 3406809600,
  "loss": 9.425950050354004
}
Importer error status: The importer binary and its dependencies were not found.
Unable to retrieve the importer version: skipping importation of the QDSTRM file.
Generating '/tmp/nsys-report-60df.qdstrm'
Generated:
    /home/ethan/github/ece405-assignment4-hpc/data/section1_1/assignment_nsys_full/2.7b_ctx1024_forward_backward_fp32/profile.qdstrm
