WARNING: CPU context switch tracing not supported, disabling.
Try the 'nsys status --environment' command to learn more.

{
  "config": {
    "model_size": "large",
    "context_length": 128,
    "batch_size": 1,
    "mode": "forward_backward",
    "warmup_steps": 5,
    "measure_steps": 1,
    "precision": "fp32",
    "device": "cuda:1",
    "seed": 0,
    "vram_limit_gb": 50.0,
    "profile_memory": false,
    "annotate_attention": true,
    "campaign": "assignment_nsys_full",
    "output_root": "data/section1_1"
  },
  "model_spec": {
    "name": "large",
    "d_model": 1280,
    "d_ff": 5120,
    "num_layers": 36,
    "num_heads": 20
  },
  "timings_seconds": [
    0.15280357899609953
  ],
  "mean_seconds": 0.15280357899609953,
  "stdev_seconds": 0.0,
  "peak_reserved_bytes": 8506048512,
  "peak_reserved_gb": 7.921875,
  "peak_device_used_bytes": 8506048512,
  "peak_device_used_gb": 7.921875,
  "snapshot_path": null,
  "parameter_count": 969411840,
  "loss": 9.324213027954102
}
Importer error status: The importer binary and its dependencies were not found.
Unable to retrieve the importer version: skipping importation of the QDSTRM file.
Generating '/tmp/nsys-report-03e8.qdstrm'
Generated:
    /home/ethan/github/ece405-assignment4-hpc/data/section1_1/assignment_nsys_full/large_ctx128_forward_backward_fp32/profile.qdstrm
