WARNING: CPU context switch tracing not supported, disabling.
Try the 'nsys status --environment' command to learn more.

{
  "config": {
    "model_size": "medium",
    "context_length": 128,
    "batch_size": 1,
    "mode": "train_step",
    "warmup_steps": 5,
    "measure_steps": 1,
    "precision": "fp32",
    "device": "cuda:1",
    "seed": 0,
    "vram_limit_gb": 50.0,
    "profile_memory": false,
    "annotate_attention": true,
    "campaign": "assignment_nsys_full",
    "output_root": "data/section1_1"
  },
  "model_spec": {
    "name": "medium",
    "d_model": 1024,
    "d_ff": 4096,
    "num_layers": 24,
    "num_heads": 16
  },
  "timings_seconds": [
    0.13441741099813953
  ],
  "mean_seconds": 0.13441741099813953,
  "stdev_seconds": 0.0,
  "peak_reserved_bytes": 7350517760,
  "peak_reserved_gb": 6.845703125,
  "peak_device_used_bytes": 7350517760,
  "peak_device_used_gb": 6.845703125,
  "snapshot_path": null,
  "parameter_count": 423183360,
  "loss": 4.704993724822998
}
Importer error status: The importer binary and its dependencies were not found.
Unable to retrieve the importer version: skipping importation of the QDSTRM file.
Generating '/tmp/nsys-report-a000.qdstrm'
Generated:
    /home/ethan/github/ece405-assignment4-hpc/data/section1_1/assignment_nsys_full/medium_ctx128_train_step_fp32/profile.qdstrm
