campaign=assignment_nsys_full
kind=nsys
device=cuda:1
smoke=False
run_count=36
planned large_ctx128_bs1_forward_fp32: nsys profile --trace=cuda,nvtx,osrt --sample=none --force-overwrite=true --export=sqlite -o data/section1_1/assignment_nsys_full/large_ctx128_bs1_forward_fp32/profile /home/ethan/github/ece405-assignment4-hpc/.venv/bin/python3 -m cs336_systems.section1.benchmarking_script --model-size large --context-length 128 --batch-size 1 --mode forward --warmup-steps 5 --measure-steps 1 --precision fp32 --device cuda:1 --campaign assignment_nsys_full --output-root data/section1_1 --vram-limit-gb 50.0 --annotate-attention
finished large_ctx128_bs1_forward_fp32: return_code=0
planned large_ctx128_bs1_forward_backward_fp32: nsys profile --trace=cuda,nvtx,osrt --sample=none --force-overwrite=true --export=sqlite -o data/section1_1/assignment_nsys_full/large_ctx128_bs1_forward_backward_fp32/profile /home/ethan/github/ece405-assignment4-hpc/.venv/bin/python3 -m cs336_systems.section1.benchmarking_script --model-size large --context-length 128 --batch-size 1 --mode forward_backward --warmup-steps 5 --measure-steps 1 --precision fp32 --device cuda:1 --campaign assignment_nsys_full --output-root data/section1_1 --vram-limit-gb 50.0 --annotate-attention
finished large_ctx128_bs1_forward_backward_fp32: return_code=0
planned large_ctx128_bs1_train_step_fp32: nsys profile --trace=cuda,nvtx,osrt --sample=none --force-overwrite=true --export=sqlite -o data/section1_1/assignment_nsys_full/large_ctx128_bs1_train_step_fp32/profile /home/ethan/github/ece405-assignment4-hpc/.venv/bin/python3 -m cs336_systems.section1.benchmarking_script --model-size large --context-length 128 --batch-size 1 --mode train_step --warmup-steps 5 --measure-steps 1 --precision fp32 --device cuda:1 --campaign assignment_nsys_full --output-root data/section1_1 --vram-limit-gb 50.0 --annotate-attention
finished large_ctx128_bs1_train_step_fp32: return_code=0
planned large_ctx256_bs1_forward_fp32: nsys profile --trace=cuda,nvtx,osrt --sample=none --force-overwrite=true --export=sqlite -o data/section1_1/assignment_nsys_full/large_ctx256_bs1_forward_fp32/profile /home/ethan/github/ece405-assignment4-hpc/.venv/bin/python3 -m cs336_systems.section1.benchmarking_script --model-size large --context-length 256 --batch-size 1 --mode forward --warmup-steps 5 --measure-steps 1 --precision fp32 --device cuda:1 --campaign assignment_nsys_full --output-root data/section1_1 --vram-limit-gb 50.0 --annotate-attention
finished large_ctx256_bs1_forward_fp32: return_code=0
planned large_ctx256_bs1_forward_backward_fp32: nsys profile --trace=cuda,nvtx,osrt --sample=none --force-overwrite=true --export=sqlite -o data/section1_1/assignment_nsys_full/large_ctx256_bs1_forward_backward_fp32/profile /home/ethan/github/ece405-assignment4-hpc/.venv/bin/python3 -m cs336_systems.section1.benchmarking_script --model-size large --context-length 256 --batch-size 1 --mode forward_backward --warmup-steps 5 --measure-steps 1 --precision fp32 --device cuda:1 --campaign assignment_nsys_full --output-root data/section1_1 --vram-limit-gb 50.0 --annotate-attention
finished large_ctx256_bs1_forward_backward_fp32: return_code=0
planned large_ctx256_bs1_train_step_fp32: nsys profile --trace=cuda,nvtx,osrt --sample=none --force-overwrite=true --export=sqlite -o data/section1_1/assignment_nsys_full/large_ctx256_bs1_train_step_fp32/profile /home/ethan/github/ece405-assignment4-hpc/.venv/bin/python3 -m cs336_systems.section1.benchmarking_script --model-size large --context-length 256 --batch-size 1 --mode train_step --warmup-steps 5 --measure-steps 1 --precision fp32 --device cuda:1 --campaign assignment_nsys_full --output-root data/section1_1 --vram-limit-gb 50.0 --annotate-attention
finished large_ctx256_bs1_train_step_fp32: return_code=0
planned large_ctx512_bs1_forward_fp32: nsys profile --trace=cuda,nvtx,osrt --sample=none --force-overwrite=true --export=sqlite -o data/section1_1/assignment_nsys_full/large_ctx512_bs1_forward_fp32/profile /home/ethan/github/ece405-assignment4-hpc/.venv/bin/python3 -m cs336_systems.section1.benchmarking_script --model-size large --context-length 512 --batch-size 1 --mode forward --warmup-steps 5 --measure-steps 1 --precision fp32 --device cuda:1 --campaign assignment_nsys_full --output-root data/section1_1 --vram-limit-gb 50.0 --annotate-attention
finished large_ctx512_bs1_forward_fp32: return_code=0
planned large_ctx512_bs1_forward_backward_fp32: nsys profile --trace=cuda,nvtx,osrt --sample=none --force-overwrite=true --export=sqlite -o data/section1_1/assignment_nsys_full/large_ctx512_bs1_forward_backward_fp32/profile /home/ethan/github/ece405-assignment4-hpc/.venv/bin/python3 -m cs336_systems.section1.benchmarking_script --model-size large --context-length 512 --batch-size 1 --mode forward_backward --warmup-steps 5 --measure-steps 1 --precision fp32 --device cuda:1 --campaign assignment_nsys_full --output-root data/section1_1 --vram-limit-gb 50.0 --annotate-attention
finished large_ctx512_bs1_forward_backward_fp32: return_code=0
planned large_ctx512_bs1_train_step_fp32: nsys profile --trace=cuda,nvtx,osrt --sample=none --force-overwrite=true --export=sqlite -o data/section1_1/assignment_nsys_full/large_ctx512_bs1_train_step_fp32/profile /home/ethan/github/ece405-assignment4-hpc/.venv/bin/python3 -m cs336_systems.section1.benchmarking_script --model-size large --context-length 512 --batch-size 1 --mode train_step --warmup-steps 5 --measure-steps 1 --precision fp32 --device cuda:1 --campaign assignment_nsys_full --output-root data/section1_1 --vram-limit-gb 50.0 --annotate-attention
finished large_ctx512_bs1_train_step_fp32: return_code=0
planned large_ctx1024_bs1_forward_fp32: nsys profile --trace=cuda,nvtx,osrt --sample=none --force-overwrite=true --export=sqlite -o data/section1_1/assignment_nsys_full/large_ctx1024_bs1_forward_fp32/profile /home/ethan/github/ece405-assignment4-hpc/.venv/bin/python3 -m cs336_systems.section1.benchmarking_script --model-size large --context-length 1024 --batch-size 1 --mode forward --warmup-steps 5 --measure-steps 1 --precision fp32 --device cuda:1 --campaign assignment_nsys_full --output-root data/section1_1 --vram-limit-gb 50.0 --annotate-attention
finished large_ctx1024_bs1_forward_fp32: return_code=0
planned large_ctx1024_bs1_forward_backward_fp32: nsys profile --trace=cuda,nvtx,osrt --sample=none --force-overwrite=true --export=sqlite -o data/section1_1/assignment_nsys_full/large_ctx1024_bs1_forward_backward_fp32/profile /home/ethan/github/ece405-assignment4-hpc/.venv/bin/python3 -m cs336_systems.section1.benchmarking_script --model-size large --context-length 1024 --batch-size 1 --mode forward_backward --warmup-steps 5 --measure-steps 1 --precision fp32 --device cuda:1 --campaign assignment_nsys_full --output-root data/section1_1 --vram-limit-gb 50.0 --annotate-attention
finished large_ctx1024_bs1_forward_backward_fp32: return_code=0
planned large_ctx1024_bs1_train_step_fp32: nsys profile --trace=cuda,nvtx,osrt --sample=none --force-overwrite=true --export=sqlite -o data/section1_1/assignment_nsys_full/large_ctx1024_bs1_train_step_fp32/profile /home/ethan/github/ece405-assignment4-hpc/.venv/bin/python3 -m cs336_systems.section1.benchmarking_script --model-size large --context-length 1024 --batch-size 1 --mode train_step --warmup-steps 5 --measure-steps 1 --precision fp32 --device cuda:1 --campaign assignment_nsys_full --output-root data/section1_1 --vram-limit-gb 50.0 --annotate-attention
finished large_ctx1024_bs1_train_step_fp32: return_code=0
planned xl_ctx128_bs1_forward_fp32: nsys profile --trace=cuda,nvtx,osrt --sample=none --force-overwrite=true --export=sqlite -o data/section1_1/assignment_nsys_full/xl_ctx128_bs1_forward_fp32/profile /home/ethan/github/ece405-assignment4-hpc/.venv/bin/python3 -m cs336_systems.section1.benchmarking_script --model-size xl --context-length 128 --batch-size 1 --mode forward --warmup-steps 5 --measure-steps 1 --precision fp32 --device cuda:1 --campaign assignment_nsys_full --output-root data/section1_1 --vram-limit-gb 50.0 --annotate-attention
finished xl_ctx128_bs1_forward_fp32: return_code=0
planned xl_ctx128_bs1_forward_backward_fp32: nsys profile --trace=cuda,nvtx,osrt --sample=none --force-overwrite=true --export=sqlite -o data/section1_1/assignment_nsys_full/xl_ctx128_bs1_forward_backward_fp32/profile /home/ethan/github/ece405-assignment4-hpc/.venv/bin/python3 -m cs336_systems.section1.benchmarking_script --model-size xl --context-length 128 --batch-size 1 --mode forward_backward --warmup-steps 5 --measure-steps 1 --precision fp32 --device cuda:1 --campaign assignment_nsys_full --output-root data/section1_1 --vram-limit-gb 50.0 --annotate-attention
finished xl_ctx128_bs1_forward_backward_fp32: return_code=0
planned xl_ctx128_bs1_train_step_fp32: nsys profile --trace=cuda,nvtx,osrt --sample=none --force-overwrite=true --export=sqlite -o data/section1_1/assignment_nsys_full/xl_ctx128_bs1_train_step_fp32/profile /home/ethan/github/ece405-assignment4-hpc/.venv/bin/python3 -m cs336_systems.section1.benchmarking_script --model-size xl --context-length 128 --batch-size 1 --mode train_step --warmup-steps 5 --measure-steps 1 --precision fp32 --device cuda:1 --campaign assignment_nsys_full --output-root data/section1_1 --vram-limit-gb 50.0 --annotate-attention
finished xl_ctx128_bs1_train_step_fp32: return_code=0
planned xl_ctx256_bs1_forward_fp32: nsys profile --trace=cuda,nvtx,osrt --sample=none --force-overwrite=true --export=sqlite -o data/section1_1/assignment_nsys_full/xl_ctx256_bs1_forward_fp32/profile /home/ethan/github/ece405-assignment4-hpc/.venv/bin/python3 -m cs336_systems.section1.benchmarking_script --model-size xl --context-length 256 --batch-size 1 --mode forward --warmup-steps 5 --measure-steps 1 --precision fp32 --device cuda:1 --campaign assignment_nsys_full --output-root data/section1_1 --vram-limit-gb 50.0 --annotate-attention
finished xl_ctx256_bs1_forward_fp32: return_code=0
planned xl_ctx256_bs1_forward_backward_fp32: nsys profile --trace=cuda,nvtx,osrt --sample=none --force-overwrite=true --export=sqlite -o data/section1_1/assignment_nsys_full/xl_ctx256_bs1_forward_backward_fp32/profile /home/ethan/github/ece405-assignment4-hpc/.venv/bin/python3 -m cs336_systems.section1.benchmarking_script --model-size xl --context-length 256 --batch-size 1 --mode forward_backward --warmup-steps 5 --measure-steps 1 --precision fp32 --device cuda:1 --campaign assignment_nsys_full --output-root data/section1_1 --vram-limit-gb 50.0 --annotate-attention
finished xl_ctx256_bs1_forward_backward_fp32: return_code=0
planned xl_ctx256_bs1_train_step_fp32: nsys profile --trace=cuda,nvtx,osrt --sample=none --force-overwrite=true --export=sqlite -o data/section1_1/assignment_nsys_full/xl_ctx256_bs1_train_step_fp32/profile /home/ethan/github/ece405-assignment4-hpc/.venv/bin/python3 -m cs336_systems.section1.benchmarking_script --model-size xl --context-length 256 --batch-size 1 --mode train_step --warmup-steps 5 --measure-steps 1 --precision fp32 --device cuda:1 --campaign assignment_nsys_full --output-root data/section1_1 --vram-limit-gb 50.0 --annotate-attention
finished xl_ctx256_bs1_train_step_fp32: return_code=0
planned xl_ctx512_bs1_forward_fp32: nsys profile --trace=cuda,nvtx,osrt --sample=none --force-overwrite=true --export=sqlite -o data/section1_1/assignment_nsys_full/xl_ctx512_bs1_forward_fp32/profile /home/ethan/github/ece405-assignment4-hpc/.venv/bin/python3 -m cs336_systems.section1.benchmarking_script --model-size xl --context-length 512 --batch-size 1 --mode forward --warmup-steps 5 --measure-steps 1 --precision fp32 --device cuda:1 --campaign assignment_nsys_full --output-root data/section1_1 --vram-limit-gb 50.0 --annotate-attention
finished xl_ctx512_bs1_forward_fp32: return_code=0
planned xl_ctx512_bs1_forward_backward_fp32: nsys profile --trace=cuda,nvtx,osrt --sample=none --force-overwrite=true --export=sqlite -o data/section1_1/assignment_nsys_full/xl_ctx512_bs1_forward_backward_fp32/profile /home/ethan/github/ece405-assignment4-hpc/.venv/bin/python3 -m cs336_systems.section1.benchmarking_script --model-size xl --context-length 512 --batch-size 1 --mode forward_backward --warmup-steps 5 --measure-steps 1 --precision fp32 --device cuda:1 --campaign assignment_nsys_full --output-root data/section1_1 --vram-limit-gb 50.0 --annotate-attention
finished xl_ctx512_bs1_forward_backward_fp32: return_code=0
planned xl_ctx512_bs1_train_step_fp32: nsys profile --trace=cuda,nvtx,osrt --sample=none --force-overwrite=true --export=sqlite -o data/section1_1/assignment_nsys_full/xl_ctx512_bs1_train_step_fp32/profile /home/ethan/github/ece405-assignment4-hpc/.venv/bin/python3 -m cs336_systems.section1.benchmarking_script --model-size xl --context-length 512 --batch-size 1 --mode train_step --warmup-steps 5 --measure-steps 1 --precision fp32 --device cuda:1 --campaign assignment_nsys_full --output-root data/section1_1 --vram-limit-gb 50.0 --annotate-attention
finished xl_ctx512_bs1_train_step_fp32: return_code=0
planned xl_ctx1024_bs1_forward_fp32: nsys profile --trace=cuda,nvtx,osrt --sample=none --force-overwrite=true --export=sqlite -o data/section1_1/assignment_nsys_full/xl_ctx1024_bs1_forward_fp32/profile /home/ethan/github/ece405-assignment4-hpc/.venv/bin/python3 -m cs336_systems.section1.benchmarking_script --model-size xl --context-length 1024 --batch-size 1 --mode forward --warmup-steps 5 --measure-steps 1 --precision fp32 --device cuda:1 --campaign assignment_nsys_full --output-root data/section1_1 --vram-limit-gb 50.0 --annotate-attention
finished xl_ctx1024_bs1_forward_fp32: return_code=0
planned xl_ctx1024_bs1_forward_backward_fp32: nsys profile --trace=cuda,nvtx,osrt --sample=none --force-overwrite=true --export=sqlite -o data/section1_1/assignment_nsys_full/xl_ctx1024_bs1_forward_backward_fp32/profile /home/ethan/github/ece405-assignment4-hpc/.venv/bin/python3 -m cs336_systems.section1.benchmarking_script --model-size xl --context-length 1024 --batch-size 1 --mode forward_backward --warmup-steps 5 --measure-steps 1 --precision fp32 --device cuda:1 --campaign assignment_nsys_full --output-root data/section1_1 --vram-limit-gb 50.0 --annotate-attention
finished xl_ctx1024_bs1_forward_backward_fp32: return_code=0
planned xl_ctx1024_bs1_train_step_fp32: nsys profile --trace=cuda,nvtx,osrt --sample=none --force-overwrite=true --export=sqlite -o data/section1_1/assignment_nsys_full/xl_ctx1024_bs1_train_step_fp32/profile /home/ethan/github/ece405-assignment4-hpc/.venv/bin/python3 -m cs336_systems.section1.benchmarking_script --model-size xl --context-length 1024 --batch-size 1 --mode train_step --warmup-steps 5 --measure-steps 1 --precision fp32 --device cuda:1 --campaign assignment_nsys_full --output-root data/section1_1 --vram-limit-gb 50.0 --annotate-attention
finished xl_ctx1024_bs1_train_step_fp32: return_code=0
planned 2.7b_ctx128_bs1_forward_fp32: nsys profile --trace=cuda,nvtx,osrt --sample=none --force-overwrite=true --export=sqlite -o data/section1_1/assignment_nsys_full/2.7b_ctx128_bs1_forward_fp32/profile /home/ethan/github/ece405-assignment4-hpc/.venv/bin/python3 -m cs336_systems.section1.benchmarking_script --model-size 2.7b --context-length 128 --batch-size 1 --mode forward --warmup-steps 5 --measure-steps 1 --precision fp32 --device cuda:1 --campaign assignment_nsys_full --output-root data/section1_1 --vram-limit-gb 50.0 --annotate-attention
finished 2.7b_ctx128_bs1_forward_fp32: return_code=0
planned 2.7b_ctx128_bs1_forward_backward_fp32: nsys profile --trace=cuda,nvtx,osrt --sample=none --force-overwrite=true --export=sqlite -o data/section1_1/assignment_nsys_full/2.7b_ctx128_bs1_forward_backward_fp32/profile /home/ethan/github/ece405-assignment4-hpc/.venv/bin/python3 -m cs336_systems.section1.benchmarking_script --model-size 2.7b --context-length 128 --batch-size 1 --mode forward_backward --warmup-steps 5 --measure-steps 1 --precision fp32 --device cuda:1 --campaign assignment_nsys_full --output-root data/section1_1 --vram-limit-gb 50.0 --annotate-attention
finished 2.7b_ctx128_bs1_forward_backward_fp32: return_code=0
planned 2.7b_ctx128_bs1_train_step_fp32: nsys profile --trace=cuda,nvtx,osrt --sample=none --force-overwrite=true --export=sqlite -o data/section1_1/assignment_nsys_full/2.7b_ctx128_bs1_train_step_fp32/profile /home/ethan/github/ece405-assignment4-hpc/.venv/bin/python3 -m cs336_systems.section1.benchmarking_script --model-size 2.7b --context-length 128 --batch-size 1 --mode train_step --warmup-steps 5 --measure-steps 1 --precision fp32 --device cuda:1 --campaign assignment_nsys_full --output-root data/section1_1 --vram-limit-gb 50.0 --annotate-attention
finished 2.7b_ctx128_bs1_train_step_fp32: return_code=1
planned 2.7b_ctx256_bs1_forward_fp32: nsys profile --trace=cuda,nvtx,osrt --sample=none --force-overwrite=true --export=sqlite -o data/section1_1/assignment_nsys_full/2.7b_ctx256_bs1_forward_fp32/profile /home/ethan/github/ece405-assignment4-hpc/.venv/bin/python3 -m cs336_systems.section1.benchmarking_script --model-size 2.7b --context-length 256 --batch-size 1 --mode forward --warmup-steps 5 --measure-steps 1 --precision fp32 --device cuda:1 --campaign assignment_nsys_full --output-root data/section1_1 --vram-limit-gb 50.0 --annotate-attention
finished 2.7b_ctx256_bs1_forward_fp32: return_code=0
planned 2.7b_ctx256_bs1_forward_backward_fp32: nsys profile --trace=cuda,nvtx,osrt --sample=none --force-overwrite=true --export=sqlite -o data/section1_1/assignment_nsys_full/2.7b_ctx256_bs1_forward_backward_fp32/profile /home/ethan/github/ece405-assignment4-hpc/.venv/bin/python3 -m cs336_systems.section1.benchmarking_script --model-size 2.7b --context-length 256 --batch-size 1 --mode forward_backward --warmup-steps 5 --measure-steps 1 --precision fp32 --device cuda:1 --campaign assignment_nsys_full --output-root data/section1_1 --vram-limit-gb 50.0 --annotate-attention
finished 2.7b_ctx256_bs1_forward_backward_fp32: return_code=0
planned 2.7b_ctx256_bs1_train_step_fp32: nsys profile --trace=cuda,nvtx,osrt --sample=none --force-overwrite=true --export=sqlite -o data/section1_1/assignment_nsys_full/2.7b_ctx256_bs1_train_step_fp32/profile /home/ethan/github/ece405-assignment4-hpc/.venv/bin/python3 -m cs336_systems.section1.benchmarking_script --model-size 2.7b --context-length 256 --batch-size 1 --mode train_step --warmup-steps 5 --measure-steps 1 --precision fp32 --device cuda:1 --campaign assignment_nsys_full --output-root data/section1_1 --vram-limit-gb 50.0 --annotate-attention
finished 2.7b_ctx256_bs1_train_step_fp32: return_code=1
planned 2.7b_ctx512_bs1_forward_fp32: nsys profile --trace=cuda,nvtx,osrt --sample=none --force-overwrite=true --export=sqlite -o data/section1_1/assignment_nsys_full/2.7b_ctx512_bs1_forward_fp32/profile /home/ethan/github/ece405-assignment4-hpc/.venv/bin/python3 -m cs336_systems.section1.benchmarking_script --model-size 2.7b --context-length 512 --batch-size 1 --mode forward --warmup-steps 5 --measure-steps 1 --precision fp32 --device cuda:1 --campaign assignment_nsys_full --output-root data/section1_1 --vram-limit-gb 50.0 --annotate-attention
finished 2.7b_ctx512_bs1_forward_fp32: return_code=0
planned 2.7b_ctx512_bs1_forward_backward_fp32: nsys profile --trace=cuda,nvtx,osrt --sample=none --force-overwrite=true --export=sqlite -o data/section1_1/assignment_nsys_full/2.7b_ctx512_bs1_forward_backward_fp32/profile /home/ethan/github/ece405-assignment4-hpc/.venv/bin/python3 -m cs336_systems.section1.benchmarking_script --model-size 2.7b --context-length 512 --batch-size 1 --mode forward_backward --warmup-steps 5 --measure-steps 1 --precision fp32 --device cuda:1 --campaign assignment_nsys_full --output-root data/section1_1 --vram-limit-gb 50.0 --annotate-attention
finished 2.7b_ctx512_bs1_forward_backward_fp32: return_code=0
planned 2.7b_ctx512_bs1_train_step_fp32: nsys profile --trace=cuda,nvtx,osrt --sample=none --force-overwrite=true --export=sqlite -o data/section1_1/assignment_nsys_full/2.7b_ctx512_bs1_train_step_fp32/profile /home/ethan/github/ece405-assignment4-hpc/.venv/bin/python3 -m cs336_systems.section1.benchmarking_script --model-size 2.7b --context-length 512 --batch-size 1 --mode train_step --warmup-steps 5 --measure-steps 1 --precision fp32 --device cuda:1 --campaign assignment_nsys_full --output-root data/section1_1 --vram-limit-gb 50.0 --annotate-attention
finished 2.7b_ctx512_bs1_train_step_fp32: return_code=1
planned 2.7b_ctx1024_bs1_forward_fp32: nsys profile --trace=cuda,nvtx,osrt --sample=none --force-overwrite=true --export=sqlite -o data/section1_1/assignment_nsys_full/2.7b_ctx1024_bs1_forward_fp32/profile /home/ethan/github/ece405-assignment4-hpc/.venv/bin/python3 -m cs336_systems.section1.benchmarking_script --model-size 2.7b --context-length 1024 --batch-size 1 --mode forward --warmup-steps 5 --measure-steps 1 --precision fp32 --device cuda:1 --campaign assignment_nsys_full --output-root data/section1_1 --vram-limit-gb 50.0 --annotate-attention
finished 2.7b_ctx1024_bs1_forward_fp32: return_code=0
planned 2.7b_ctx1024_bs1_forward_backward_fp32: nsys profile --trace=cuda,nvtx,osrt --sample=none --force-overwrite=true --export=sqlite -o data/section1_1/assignment_nsys_full/2.7b_ctx1024_bs1_forward_backward_fp32/profile /home/ethan/github/ece405-assignment4-hpc/.venv/bin/python3 -m cs336_systems.section1.benchmarking_script --model-size 2.7b --context-length 1024 --batch-size 1 --mode forward_backward --warmup-steps 5 --measure-steps 1 --precision fp32 --device cuda:1 --campaign assignment_nsys_full --output-root data/section1_1 --vram-limit-gb 50.0 --annotate-attention
finished 2.7b_ctx1024_bs1_forward_backward_fp32: return_code=0
planned 2.7b_ctx1024_bs1_train_step_fp32: nsys profile --trace=cuda,nvtx,osrt --sample=none --force-overwrite=true --export=sqlite -o data/section1_1/assignment_nsys_full/2.7b_ctx1024_bs1_train_step_fp32/profile /home/ethan/github/ece405-assignment4-hpc/.venv/bin/python3 -m cs336_systems.section1.benchmarking_script --model-size 2.7b --context-length 1024 --batch-size 1 --mode train_step --warmup-steps 5 --measure-steps 1 --precision fp32 --device cuda:1 --campaign assignment_nsys_full --output-root data/section1_1 --vram-limit-gb 50.0 --annotate-attention
finished 2.7b_ctx1024_bs1_train_step_fp32: return_code=1
