WARNING: CPU context switch tracing not supported, disabling.
Try the 'nsys status --environment' command to learn more.

{
  "config": {
    "model_size": "small",
    "context_length": 512,
    "batch_size": 1,
    "mode": "train_step",
    "warmup_steps": 5,
    "measure_steps": 1,
    "precision": "fp32",
    "device": "cuda:1",
    "seed": 0,
    "vram_limit_gb": 50.0,
    "profile_memory": false,
    "annotate_attention": true,
    "campaign": "assignment_nsys_full",
    "output_root": "data/section1_1"
  },
  "model_spec": {
    "name": "small",
    "d_model": 768,
    "d_ff": 3072,
    "num_layers": 12,
    "num_heads": 12
  },
  "timings_seconds": [
    0.08642357302596793
  ],
  "mean_seconds": 0.08642357302596793,
  "stdev_seconds": 0.0,
  "peak_reserved_bytes": 2770337792,
  "peak_reserved_gb": 2.580078125,
  "peak_device_used_bytes": 2770337792,
  "peak_device_used_gb": 2.580078125,
  "snapshot_path": null,
  "parameter_count": 128625408,
  "loss": 6.061244487762451
}
Importer error status: The importer binary and its dependencies were not found.
Unable to retrieve the importer version: skipping importation of the QDSTRM file.
Generating '/tmp/nsys-report-e1d3.qdstrm'
Generated:
    /home/ethan/github/ece405-assignment4-hpc/data/section1_1/assignment_nsys_full/small_ctx512_train_step_fp32/profile.qdstrm
