WARNING: CPU context switch tracing not supported, disabling.
Try the 'nsys status --environment' command to learn more.

{
  "config": {
    "model_size": "small",
    "context_length": 128,
    "batch_size": 1,
    "mode": "forward_backward",
    "warmup_steps": 5,
    "measure_steps": 1,
    "precision": "fp32",
    "device": "cuda:1",
    "seed": 0,
    "vram_limit_gb": 50.0,
    "profile_memory": false,
    "annotate_attention": true,
    "campaign": "assignment_nsys_full",
    "output_root": "data/section1_1"
  },
  "model_spec": {
    "name": "small",
    "d_model": 768,
    "d_ff": 3072,
    "num_layers": 12,
    "num_heads": 12
  },
  "timings_seconds": [
    0.04116565399453975
  ],
  "mean_seconds": 0.04116565399453975,
  "stdev_seconds": 0.0,
  "peak_reserved_bytes": 1239416832,
  "peak_reserved_gb": 1.154296875,
  "peak_device_used_bytes": 1239416832,
  "peak_device_used_gb": 1.154296875,
  "snapshot_path": null,
  "parameter_count": 128625408,
  "loss": 9.329376220703125
}
Importer error status: The importer binary and its dependencies were not found.
Unable to retrieve the importer version: skipping importation of the QDSTRM file.
Generating '/tmp/nsys-report-0f05.qdstrm'
Generated:
    /home/ethan/github/ece405-assignment4-hpc/data/section1_1/assignment_nsys_full/small_ctx128_forward_backward_fp32/profile.qdstrm
