WARNING: CPU context switch tracing not supported, disabling.
Try the 'nsys status --environment' command to learn more.

{
  "config": {
    "model_size": "xl",
    "context_length": 256,
    "batch_size": 1,
    "mode": "forward_backward",
    "warmup_steps": 5,
    "measure_steps": 1,
    "precision": "fp32",
    "device": "cuda:1",
    "seed": 0,
    "vram_limit_gb": 50.0,
    "profile_memory": false,
    "annotate_attention": true,
    "campaign": "assignment_nsys_full",
    "output_root": "data/section1_1"
  },
  "model_spec": {
    "name": "xl",
    "d_model": 1600,
    "d_ff": 6400,
    "num_layers": 48,
    "num_heads": 25
  },
  "timings_seconds": [
    0.4064698479778599
  ],
  "mean_seconds": 0.4064698479778599,
  "stdev_seconds": 0.0,
  "peak_reserved_bytes": 17687379968,
  "peak_reserved_gb": 16.47265625,
  "peak_device_used_bytes": 17687379968,
  "peak_device_used_gb": 16.47265625,
  "snapshot_path": null,
  "parameter_count": 1998235200,
  "loss": 9.292694091796875
}
Importer error status: The importer binary and its dependencies were not found.
Unable to retrieve the importer version: skipping importation of the QDSTRM file.
Generating '/tmp/nsys-report-d422.qdstrm'
Generated:
    /home/ethan/github/ece405-assignment4-hpc/data/section1_1/assignment_nsys_full/xl_ctx256_forward_backward_fp32/profile.qdstrm
