{
  "config": {
    "backend": "gloo",
    "device_type": "cpu",
    "world_size": 2,
    "size_mb": 10,
    "warmup_steps": 5,
    "measure_steps": 10,
    "master_port": 29701,
    "campaign": "assignment_section2_allreduce_full",
    "output_root": "data/section2"
  },
  "status": "ok",
  "timings_seconds": [
    0.00878035498317331,
    0.004891772987321019,
    0.0038683440070599318,
    0.007737599953543395,
    0.005841092963237315,
    0.0043254910269752145,
    0.0033431690535508096,
    0.0036249480326659977,
    0.006041259039193392,
    0.008364584995433688
  ],
  "mean_seconds": 0.005681861704215407,
  "stdev_seconds": 0.002017464052935925,
  "min_seconds": 0.0033431690535508096,
  "max_seconds": 0.00878035498317331
}
