{
  "config": {
    "backend": "gloo",
    "device_type": "cpu",
    "world_size": 6,
    "size_mb": 10,
    "warmup_steps": 5,
    "measure_steps": 10,
    "master_port": 29709,
    "campaign": "assignment_section2_allreduce_full",
    "output_root": "data/section2"
  },
  "status": "ok",
  "timings_seconds": [
    0.020500563026871532,
    0.024401869042776525,
    0.01441017200704664,
    0.022595290967728943,
    0.019349084002897143,
    0.01443416700931266,
    0.013761616020929068,
    0.01395355601562187,
    0.012636976956855506,
    0.015123930992558599
  ],
  "mean_seconds": 0.017116722604259848,
  "stdev_seconds": 0.004207732386729766,
  "min_seconds": 0.012636976956855506,
  "max_seconds": 0.024401869042776525
}
