{
  "config": {
    "model_size": "small",
    "context_length": 128,
    "batch_size": 1,
    "mode": "forward",
    "warmup_steps": 0,
    "measure_steps": 10,
    "precision": "fp32",
    "device": "cuda:0",
    "seed": 0,
    "vram_limit_gb": 40.0,
    "profile_memory": false,
    "annotate_attention": false,
    "campaign": "assignment_warmup_w0_full",
    "output_root": "data/section1_1"
  },
  "model_spec": {
    "name": "small",
    "d_model": 768,
    "d_ff": 3072,
    "num_layers": 12,
    "num_heads": 12
  },
  "timings_seconds": [
    0.37155153905041516,
    0.015015225973911583,
    0.014951818040572107,
    0.015917178941890597,
    0.016250943997874856,
    0.017599412007257342,
    0.013313394971191883,
    0.014521790901198983,
    0.014217381016351283,
    0.017041946994140744
  ],
  "mean_seconds": 0.051038063189480454,
  "stdev_seconds": 0.11262454880876842,
  "peak_reserved_bytes": 593494016,
  "peak_reserved_gb": 0.552734375,
  "peak_device_used_bytes": 593494016,
  "peak_device_used_gb": 0.552734375,
  "snapshot_path": null,
  "parameter_count": 128625408,
  "loss": null
}
