/home/ethan/github/ece405-assignment4-hpc/.venv/lib/python3.12/site-packages/torch/_inductor/compile_fx.py:322: UserWarning: TensorFloat32 tensor cores for float32 matrix multiplication available but not enabled. Consider setting `torch.set_float32_matmul_precision('high')` for better performance.
  warnings.warn(
{
  "config": {
    "model_size": "2.7b",
    "context_length": 128,
    "batch_size": 4,
    "mode": "forward",
    "compiled": true,
    "warmup_steps": 5,
    "measure_steps": 10,
    "precision": "fp32",
    "device": "cuda:1",
    "campaign": "assignment_model-compile_full",
    "output_root": "data/section1_3",
    "vram_limit_gb": 40.0
  },
  "model_spec": {
    "name": "2.7b",
    "d_model": 2560,
    "d_ff": 10240,
    "num_layers": 32,
    "num_heads": 32
  },
  "timings_seconds": [
    0.27037237701006234,
    0.2618464379920624,
    0.2656328690063674,
    0.2715071650163736,
    0.2641189599817153,
    0.26522219899925403,
    0.27416821400402114,
    0.26961223100079224,
    0.2617592249880545,
    0.2656028229976073
  ],
  "mean_seconds": 0.266984250099631,
  "stdev_seconds": 0.0042058037705666644
}
