/home/ethan/github/ece405-assignment4-hpc/.venv/lib/python3.12/site-packages/torch/_inductor/compile_fx.py:322: UserWarning: TensorFloat32 tensor cores for float32 matrix multiplication available but not enabled. Consider setting `torch.set_float32_matmul_precision('high')` for better performance.
  warnings.warn(
{
  "config": {
    "model_size": "medium",
    "context_length": 128,
    "batch_size": 4,
    "mode": "forward_backward",
    "compiled": true,
    "warmup_steps": 5,
    "measure_steps": 10,
    "precision": "fp32",
    "device": "cuda:1",
    "campaign": "assignment_model-compile_full",
    "output_root": "data/section1_3",
    "vram_limit_gb": 40.0
  },
  "model_spec": {
    "name": "medium",
    "d_model": 1024,
    "d_ff": 4096,
    "num_layers": 24,
    "num_heads": 16
  },
  "timings_seconds": [
    0.2622379520034883,
    0.2728406350070145,
    0.265063271013787,
    0.25565410597482696,
    0.26854714399087243,
    0.26884406100725755,
    0.2712151460000314,
    0.2690141399798449,
    0.2738230469985865,
    0.2635382809967268
  ],
  "mean_seconds": 0.26707777829724366,
  "stdev_seconds": 0.0055313827300537445
}
