{
  "config": {
    "model_size": "small",
    "context_length": 128,
    "batch_size": 4,
    "mode": "train_step",
    "compiled": true,
    "warmup_steps": 5,
    "measure_steps": 10,
    "precision": "fp32",
    "device": "cuda:1",
    "campaign": "assignment_model-compile_full",
    "output_root": "data/section1_3",
    "vram_limit_gb": 40.0
  },
  "model_spec": {
    "name": "small",
    "d_model": 768,
    "d_ff": 3072,
    "num_layers": 12,
    "num_heads": 12
  },
  "timings_seconds": [
    0.08849502800148912,
    0.08908103601424955,
    0.09528160400805064,
    0.0821894419786986,
    0.09800759502104484,
    0.08815715301898308,
    0.08894694500486366,
    0.09522537799784914,
    0.08224216199596412,
    0.09783743697335012
  ],
  "mean_seconds": 0.09054637800145429,
  "stdev_seconds": 0.005836331950124916
}
