{
  "config": {
    "model_size": "small",
    "context_length": 128,
    "batch_size": 4,
    "mode": "forward_backward",
    "compiled": false,
    "warmup_steps": 5,
    "measure_steps": 10,
    "precision": "fp32",
    "device": "cuda:1",
    "campaign": "assignment_model-compile_full",
    "output_root": "data/section1_3",
    "vram_limit_gb": 40.0
  },
  "model_spec": {
    "name": "small",
    "d_model": 768,
    "d_ff": 3072,
    "num_layers": 12,
    "num_heads": 12
  },
  "timings_seconds": [
    0.07401403202675283,
    0.09138227099901997,
    0.0797283079882618,
    0.09712937899166718,
    0.08476745701045729,
    0.08430082301492803,
    0.09407396899769083,
    0.08254569099517539,
    0.08493255701614544,
    0.07955793899600394
  ],
  "mean_seconds": 0.08524324260361027,
  "stdev_seconds": 0.0071045355188710056
}
